Archive member included to satisfy reference by file (symbol)

c:/st/stm32cubeide_1.1.0/stm32cubeide/plugins/com.st.stm32cube.ide.mcu.externaltools.gnu-tools-for-stm32.7-2018-q2-update.win32_1.0.0.201904181610/tools/bin/../lib/gcc/arm-none-eabi/7.3.1/../../../../arm-none-eabi/lib/thumb/v7e-m/fpv4-sp/hard\libc_nano.a(lib_a-errno.o)
                              Core/Src/syscalls.o (__errno)
c:/st/stm32cubeide_1.1.0/stm32cubeide/plugins/com.st.stm32cube.ide.mcu.externaltools.gnu-tools-for-stm32.7-2018-q2-update.win32_1.0.0.201904181610/tools/bin/../lib/gcc/arm-none-eabi/7.3.1/../../../../arm-none-eabi/lib/thumb/v7e-m/fpv4-sp/hard\libc_nano.a(lib_a-exit.o)
                              c:/st/stm32cubeide_1.1.0/stm32cubeide/plugins/com.st.stm32cube.ide.mcu.externaltools.gnu-tools-for-stm32.7-2018-q2-update.win32_1.0.0.201904181610/tools/bin/../lib/gcc/arm-none-eabi/7.3.1/../../../../arm-none-eabi/lib/thumb/v7e-m/fpv4-sp/hard/crt0.o (exit)
c:/st/stm32cubeide_1.1.0/stm32cubeide/plugins/com.st.stm32cube.ide.mcu.externaltools.gnu-tools-for-stm32.7-2018-q2-update.win32_1.0.0.201904181610/tools/bin/../lib/gcc/arm-none-eabi/7.3.1/../../../../arm-none-eabi/lib/thumb/v7e-m/fpv4-sp/hard\libc_nano.a(lib_a-impure.o)
                              c:/st/stm32cubeide_1.1.0/stm32cubeide/plugins/com.st.stm32cube.ide.mcu.externaltools.gnu-tools-for-stm32.7-2018-q2-update.win32_1.0.0.201904181610/tools/bin/../lib/gcc/arm-none-eabi/7.3.1/../../../../arm-none-eabi/lib/thumb/v7e-m/fpv4-sp/hard\libc_nano.a(lib_a-exit.o) (_global_impure_ptr)
c:/st/stm32cubeide_1.1.0/stm32cubeide/plugins/com.st.stm32cube.ide.mcu.externaltools.gnu-tools-for-stm32.7-2018-q2-update.win32_1.0.0.201904181610/tools/bin/../lib/gcc/arm-none-eabi/7.3.1/../../../../arm-none-eabi/lib/thumb/v7e-m/fpv4-sp/hard\libc_nano.a(lib_a-init.o)
                              c:/st/stm32cubeide_1.1.0/stm32cubeide/plugins/com.st.stm32cube.ide.mcu.externaltools.gnu-tools-for-stm32.7-2018-q2-update.win32_1.0.0.201904181610/tools/bin/../lib/gcc/arm-none-eabi/7.3.1/../../../../arm-none-eabi/lib/thumb/v7e-m/fpv4-sp/hard/crt0.o (__libc_init_array)
c:/st/stm32cubeide_1.1.0/stm32cubeide/plugins/com.st.stm32cube.ide.mcu.externaltools.gnu-tools-for-stm32.7-2018-q2-update.win32_1.0.0.201904181610/tools/bin/../lib/gcc/arm-none-eabi/7.3.1/../../../../arm-none-eabi/lib/thumb/v7e-m/fpv4-sp/hard\libc_nano.a(lib_a-memcpy-stub.o)
                              Core/Src/rm_imu.o (memcpy)
c:/st/stm32cubeide_1.1.0/stm32cubeide/plugins/com.st.stm32cube.ide.mcu.externaltools.gnu-tools-for-stm32.7-2018-q2-update.win32_1.0.0.201904181610/tools/bin/../lib/gcc/arm-none-eabi/7.3.1/../../../../arm-none-eabi/lib/thumb/v7e-m/fpv4-sp/hard\libc_nano.a(lib_a-memset.o)
                              c:/st/stm32cubeide_1.1.0/stm32cubeide/plugins/com.st.stm32cube.ide.mcu.externaltools.gnu-tools-for-stm32.7-2018-q2-update.win32_1.0.0.201904181610/tools/bin/../lib/gcc/arm-none-eabi/7.3.1/../../../../arm-none-eabi/lib/thumb/v7e-m/fpv4-sp/hard/crt0.o (memset)
c:/st/stm32cubeide_1.1.0/stm32cubeide/plugins/com.st.stm32cube.ide.mcu.externaltools.gnu-tools-for-stm32.7-2018-q2-update.win32_1.0.0.201904181610/tools/bin/../lib/gcc/arm-none-eabi/7.3.1/../../../../arm-none-eabi/lib/thumb/v7e-m/fpv4-sp/hard\libm.a(lib_a-w_asin.o)
                              Core/Src/rm_imu.o (asin)
c:/st/stm32cubeide_1.1.0/stm32cubeide/plugins/com.st.stm32cube.ide.mcu.externaltools.gnu-tools-for-stm32.7-2018-q2-update.win32_1.0.0.201904181610/tools/bin/../lib/gcc/arm-none-eabi/7.3.1/../../../../arm-none-eabi/lib/thumb/v7e-m/fpv4-sp/hard\libm.a(lib_a-w_atan2.o)
                              Core/Src/rm_imu.o (atan2)
c:/st/stm32cubeide_1.1.0/stm32cubeide/plugins/com.st.stm32cube.ide.mcu.externaltools.gnu-tools-for-stm32.7-2018-q2-update.win32_1.0.0.201904181610/tools/bin/../lib/gcc/arm-none-eabi/7.3.1/../../../../arm-none-eabi/lib/thumb/v7e-m/fpv4-sp/hard\libm.a(lib_a-w_fmod.o)
                              Core/Src/pid.o (fmod)
c:/st/stm32cubeide_1.1.0/stm32cubeide/plugins/com.st.stm32cube.ide.mcu.externaltools.gnu-tools-for-stm32.7-2018-q2-update.win32_1.0.0.201904181610/tools/bin/../lib/gcc/arm-none-eabi/7.3.1/../../../../arm-none-eabi/lib/thumb/v7e-m/fpv4-sp/hard\libm.a(lib_a-w_sqrt.o)
                              Core/Src/rm_imu.o (sqrt)
c:/st/stm32cubeide_1.1.0/stm32cubeide/plugins/com.st.stm32cube.ide.mcu.externaltools.gnu-tools-for-stm32.7-2018-q2-update.win32_1.0.0.201904181610/tools/bin/../lib/gcc/arm-none-eabi/7.3.1/../../../../arm-none-eabi/lib/thumb/v7e-m/fpv4-sp/hard\libm.a(lib_a-e_asin.o)
                              c:/st/stm32cubeide_1.1.0/stm32cubeide/plugins/com.st.stm32cube.ide.mcu.externaltools.gnu-tools-for-stm32.7-2018-q2-update.win32_1.0.0.201904181610/tools/bin/../lib/gcc/arm-none-eabi/7.3.1/../../../../arm-none-eabi/lib/thumb/v7e-m/fpv4-sp/hard\libm.a(lib_a-w_asin.o) (__ieee754_asin)
[...]
Memory Configuration

Name             Origin             Length             Attributes
CCMRAM           0x0000000010000000 0x0000000000010000 xrw
RAM              0x0000000020000000 0x0000000000030000 xrw
FLASH            0x0000000008000000 0x0000000000200000 xr
*default*        0x0000000000000000 0xffffffffffffffff

Linker script and memory map

LOAD c:/st/stm32cubeide_1.1.0/stm32cubeide/plugins/com.st.stm32cube.ide.mcu.externaltools.gnu-tools-for-stm32.7-2018-q2-update.win32_1.0.0.201904181610/tools/bin/../lib/gcc/arm-none-eabi/7.3.1/thumb/v7e-m/fpv4-sp/hard/crti.o
LOAD c:/st/stm32cubeide_1.1.0/stm32cubeide/plugins/com.st.stm32cube.ide.mcu.externaltools.gnu-tools-for-stm32.7-2018-q2-update.win32_1.0.0.201904181610/tools/bin/../lib/gcc/arm-none-eabi/7.3.1/thumb/v7e-m/fpv4-sp/hard/crtbegin.o
LOAD c:/st/stm32cubeide_1.1.0/stm32cubeide/plugins/com.st.stm32cube.ide.mcu.externaltools.gnu-tools-for-stm32.7-2018-q2-update.win32_1.0.0.201904181610/tools/bin/../lib/gcc/arm-none-eabi/7.3.1/../../../../arm-none-eabi/lib/thumb/v7e-m/fpv4-sp/hard/crt0.o
LOAD Core/Src/main.o
LOAD Core/Src/pid.o
LOAD Core/Src/rm_can.o
LOAD Core/Src/rm_ctrl.o
LOAD Core/Src/rm_gpio.o
LOAD Core/Src/rm_imu.o
LOAD Core/Src/rm_pwm.o
LOAD Core/Src/rm_uart.o
LOAD Core/Src/stm32f4xx_hal_msp.o
LOAD Core/Src/stm32f4xx_it.o
LOAD Core/Src/syscalls.o
LOAD Core/Src/sysmem.o
LOAD Core/Src/system_stm32f4xx.o
LOAD Core/Startup/startup_stm32f427iihx.o
LOAD Drivers/STM32F4xx_HAL_Driver/Src/stm32f4xx_hal.o
LOAD Drivers/STM32F4xx_HAL_Driver/Src/stm32f4xx_hal_can.o
LOAD Drivers/STM32F4xx_HAL_Driver/Src/stm32f4xx_hal_cortex.o
LOAD Drivers/STM32F4xx_HAL_Driver/Src/stm32f4xx_hal_dma.o
LOAD Drivers/STM32F4xx_HAL_Driver/Src/stm32f4xx_hal_dma_ex.o
LOAD Drivers/STM32F4xx_HAL_Driver/Src/stm32f4xx_hal_exti.o
LOAD Drivers/STM32F4xx_HAL_Driver/Src/stm32f4xx_hal_flash.o
LOAD Drivers/STM32F4xx_HAL_Driver/Src/stm32f4xx_hal_flash_ex.o
LOAD Drivers/STM32F4xx_HAL_Driver/Src/stm32f4xx_hal_flash_ramfunc.o
LOAD Drivers/STM32F4xx_HAL_Driver/Src/stm32f4xx_hal_gpio.o
LOAD Drivers/STM32F4xx_HAL_Driver/Src/stm32f4xx_hal_pwr.o
LOAD Drivers/STM32F4xx_HAL_Driver/Src/stm32f4xx_hal_pwr_ex.o
LOAD Drivers/STM32F4xx_HAL_Driver/Src/stm32f4xx_hal_rcc.o
LOAD Drivers/STM32F4xx_HAL_Driver/Src/stm32f4xx_hal_rcc_ex.o
LOAD Drivers/STM32F4xx_HAL_Driver/Src/stm32f4xx_hal_spi.o
LOAD Drivers/STM32F4xx_HAL_Driver/Src/stm32f4xx_hal_tim.o
LOAD Drivers/STM32F4xx_HAL_Driver/Src/stm32f4xx_hal_tim_ex.o
LOAD Drivers/STM32F4xx_HAL_Driver/Src/stm32f4xx_hal_uart.o
START GROUP
LOAD c:/st/stm32cubeide_1.1.0/stm32cubeide/plugins/com.st.stm32cube.ide.mcu.externaltools.gnu-tools-for-stm32.7-2018-q2-update.win32_1.0.0.201904181610/tools/bin/../lib/gcc/arm-none-eabi/7.3.1/../../../../arm-none-eabi/lib/thumb/v7e-m/fpv4-sp/hard\libc_nano.a
LOAD c:/st/stm32cubeide_1.1.0/stm32cubeide/plugins/com.st.stm32cube.ide.mcu.externaltools.gnu-tools-for-stm32.7-2018-q2-update.win32_1.0.0.201904181610/tools/bin/../lib/gcc/arm-none-eabi/7.3.1/../../../../arm-none-eabi/lib/thumb/v7e-m/fpv4-sp/hard\libm.a
END GROUP
START GROUP
LOAD c:/st/stm32cubeide_1.1.0/stm32cubeide/plugins/com.st.stm32cube.ide.mcu.externaltools.gnu-tools-for-stm32.7-2018-q2-update.win32_1.0.0.201904181610/tools/bin/../lib/gcc/arm-none-eabi/7.3.1/thumb/v7e-m/fpv4-sp/hard\libgcc.a
LOAD c:/st/stm32cubeide_1.1.0/stm32cubeide/plugins/com.st.stm32cube.ide.mcu.externaltools.gnu-tools-for-stm32.7-2018-q2-update.win32_1.0.0.201904181610/tools/bin/../lib/gcc/arm-none-eabi/7.3.1/../../../../arm-none-eabi/lib/thumb/v7e-m/fpv4-sp/hard\libc_nano.a
END GROUP
START GROUP
LOAD c:/st/stm32cubeide_1.1.0/stm32cubeide/plugins/com.st.stm32cube.ide.mcu.externaltools.gnu-tools-for-stm32.7-2018-q2-update.win32_1.0.0.201904181610/tools/bin/../lib/gcc/arm-none-eabi/7.3.1/thumb/v7e-m/fpv4-sp/hard\libgcc.a
LOAD c:/st/stm32cubeide_1.1.0/stm32cubeide/plugins/com.st.stm32cube.ide.mcu.externaltools.gnu-tools-for-stm32.7-2018-q2-update.win32_1.0.0.201904181610/tools/bin/../lib/gcc/arm-none-eabi/7.3.1/../../../../arm-none-eabi/lib/thumb/v7e-m/fpv4-sp/hard\libc_nano.a
LOAD c:/st/stm32cubeide_1.1.0/stm32cubeide/plugins/com.st.stm32cube.ide.mcu.externaltools.gnu-tools-for-stm32.7-2018-q2-update.win32_1.0.0.201904181610/tools/bin/../lib/gcc/arm-none-eabi/7.3.1/../../../../arm-none-eabi/lib/thumb/v7e-m/fpv4-sp/hard\libnosys.a
END GROUP
START GROUP
LOAD c:/st/stm32cubeide_1.1.0/stm32cubeide/plugins/com.st.stm32cube.ide.mcu.externaltools.gnu-tools-for-stm32.7-2018-q2-update.win32_1.0.0.201904181610/tools/bin/../lib/gcc/arm-none-eabi/7.3.1/thumb/v7e-m/fpv4-sp/hard\libgcc.a
LOAD c:/st/stm32cubeide_1.1.0/stm32cubeide/plugins/com.st.stm32cube.ide.mcu.externaltools.gnu-tools-for-stm32.7-2018-q2-update.win32_1.0.0.201904181610/tools/bin/../lib/gcc/arm-none-eabi/7.3.1/../../../../arm-none-eabi/lib/thumb/v7e-m/fpv4-sp/hard\libc_nano.a
LOAD c:/st/stm32cubeide_1.1.0/stm32cubeide/plugins/com.st.stm32cube.ide.mcu.externaltools.gnu-tools-for-stm32.7-2018-q2-update.win32_1.0.0.201904181610/tools/bin/../lib/gcc/arm-none-eabi/7.3.1/../../../../arm-none-eabi/lib/thumb/v7e-m/fpv4-sp/hard\libnosys.a
END GROUP
LOAD c:/st/stm32cubeide_1.1.0/stm32cubeide/plugins/com.st.stm32cube.ide.mcu.externaltools.gnu-tools-for-stm32.7-2018-q2-update.win32_1.0.0.201904181610/tools/bin/../lib/gcc/arm-none-eabi/7.3.1/thumb/v7e-m/fpv4-sp/hard/crtend.o
LOAD c:/st/stm32cubeide_1.1.0/stm32cubeide/plugins/com.st.stm32cube.ide.mcu.externaltools.gnu-tools-for-stm32.7-2018-q2-update.win32_1.0.0.201904181610/tools/bin/../lib/gcc/arm-none-eabi/7.3.1/thumb/v7e-m/fpv4-sp/hard/crtn.o
                0x0000000020030000                _estack = (ORIGIN (RAM) + LENGTH (RAM))
                0x0000000000000200                _Min_Heap_Size = 0x200
                0x0000000000000400                _Min_Stack_Size = 0x400

.isr_vector     0x0000000008000000      0x1ac
                0x0000000008000000                . = ALIGN (0x4)
 *(.isr_vector)
 .isr_vector    0x0000000008000000      0x1ac Core/Startup/startup_stm32f427iihx.o
                0x0000000008000000                g_pfnVectors
                0x00000000080001ac                . = ALIGN (0x4)

.text           0x00000000080001b0     0x92c8
                0x00000000080001b0                . = ALIGN (0x4)
 *(.text)
 .text          0x00000000080001b0       0x40 c:/st/stm32cubeide_1.1.0/stm32cubeide/plugins/com.st.stm32cube.ide.mcu.externaltools.gnu-tools-for-stm32.7-2018-q2-update.win32_1.0.0.201904181610/tools/bin/../lib/gcc/arm-none-eabi/7.3.1/thumb/v7e-m/fpv4-sp/hard/crtbegin.o
 .text          0x00000000080001f0      0x378 c:/st/stm32cubeide_1.1.0/stm32cubeide/plugins/com.st.stm32cube.ide.mcu.externaltools.gnu-tools-for-stm32.7-2018-q2-update.win32_1.0.0.201904181610/tools/bin/../lib/gcc/arm-none-eabi/7.3.1/thumb/v7e-m/fpv4-sp/hard\libgcc.a(_arm_addsubdf3.o)
                0x00000000080001f0                __aeabi_drsub
                0x00000000080001f8                __aeabi_dsub
                0x00000000080001f8                __subdf3
                0x00000000080001fc                __aeabi_dadd
                0x00000000080001fc                __adddf3
                0x0000000008000474                __floatunsidf
                0x0000000008000474                __aeabi_ui2d
                0x0000000008000494                __floatsidf
                0x0000000008000494                __aeabi_i2d
                0x00000000080004b8                __aeabi_f2d
                0x00000000080004b8                __extendsfdf2
                0x00000000080004fc                __floatundidf
                0x00000000080004fc                __aeabi_ul2d
                0x000000000800050c                __floatdidf
                0x000000000800050c                __aeabi_l2d
 .text          0x0000000008000568      0x424 c:/st/stm32cubeide_1.1.0/stm32cubeide/plugins/com.st.stm32cube.ide.mcu.externaltools.gnu-tools-for-stm32.7-2018-q2-update.win32_1.0.0.201904181610/tools/bin/../lib/gcc/arm-none-eabi/7.3.1/thumb/v7e-m/fpv4-sp/hard\libgcc.a(_arm_muldivdf3.o)
                0x0000000008000568                __aeabi_dmul
                0x0000000008000568                __muldf3
                0x00000000080007bc                __divdf3
                0x00000000080007bc                __aeabi_ddiv
 .text          0x000000000800098c      0x110 c:/st/stm32cubeide_1.1.0/stm32cubeide/plugins/com.st.stm32cube.ide.mcu.externaltools.gnu-tools-for-stm32.7-2018-q2-update.win32_1.0.0.201904181610/tools/bin/../lib/gcc/arm-none-eabi/7.3.1/thumb/v7e-m/fpv4-sp/hard\libgcc.a(_arm_cmpdf2.o)
                0x000000000800098c                __gtdf2
                0x000000000800098c                __gedf2
                0x0000000008000994                __ltdf2
                0x0000000008000994                __ledf2
                0x000000000800099c                __nedf2
                0x000000000800099c                __eqdf2
                0x000000000800099c                __cmpdf2
                0x0000000008000a18                __aeabi_cdrcmple
                0x0000000008000a28                __aeabi_cdcmpeq
                0x0000000008000a28                __aeabi_cdcmple
                0x0000000008000a38                __aeabi_dcmpeq
                0x0000000008000a4c                __aeabi_dcmplt
                0x0000000008000a60                __aeabi_dcmple
                0x0000000008000a74                __aeabi_dcmpge
                0x0000000008000a88                __aeabi_dcmpgt
 .text          0x0000000008000a9c       0x2c c:/st/stm32cubeide_1.1.0/stm32cubeide/plugins/com.st.stm32cube.ide.mcu.externaltools.gnu-tools-for-stm32.7-2018-q2-update.win32_1.0.0.201904181610/tools/bin/../lib/gcc/arm-none-eabi/7.3.1/thumb/v7e-m/fpv4-sp/hard\libgcc.a(_arm_unorddf2.o)
                0x0000000008000a9c                __unorddf2
                0x0000000008000a9c                __aeabi_dcmpun
 .text          0x0000000008000ac8       0xa0 c:/st/stm32cubeide_1.1.0/stm32cubeide/plugins/com.st.stm32cube.ide.mcu.externaltools.gnu-tools-for-stm32.7-2018-q2-update.win32_1.0.0.201904181610/tools/bin/../lib/gcc/arm-none-eabi/7.3.1/thumb/v7e-m/fpv4-sp/hard\libgcc.a(_arm_truncdfsf2.o)
                0x0000000008000ac8                __truncdfsf2
                0x0000000008000ac8                __aeabi_d2f
 .text          0x0000000008000b68       0x30 c:/st/stm32cubeide_1.1.0/stm32cubeide/plugins/com.st.stm32cube.ide.mcu.externaltools.gnu-tools-for-stm32.7-2018-q2-update.win32_1.0.0.201904181610/tools/bin/../lib/gcc/arm-none-eabi/7.3.1/thumb/v7e-m/fpv4-sp/hard\libgcc.a(_aeabi_uldivmod.o)
                0x0000000008000b68                __aeabi_uldivmod
 .text          0x0000000008000b98      0x2cc c:/st/stm32cubeide_1.1.0/stm32cubeide/plugins/com.st.stm32cube.ide.mcu.externaltools.gnu-tools-for-stm32.7-2018-q2-update.win32_1.0.0.201904181610/tools/bin/../lib/gcc/arm-none-eabi/7.3.1/thumb/v7e-m/fpv4-sp/hard\libgcc.a(_udivmoddi4.o)
                0x0000000008000b98                __udivmoddi4
 .text          0x0000000008000e64        0x4 c:/st/stm32cubeide_1.1.0/stm32cubeide/plugins/com.st.stm32cube.ide.mcu.externaltools.gnu-tools-for-stm32.7-2018-q2-update.win32_1.0.0.201904181610/tools/bin/../lib/gcc/arm-none-eabi/7.3.1/thumb/v7e-m/fpv4-sp/hard\libgcc.a(_dvmd_tls.o)
                0x0000000008000e64                __aeabi_idiv0
                0x0000000008000e64                __aeabi_ldiv0
 *(.text*)
 .text.main     0x0000000008000e68      0x1d4 Core/Src/main.o
                0x0000000008000e68                main
 .text.SystemClock_Config
                0x000000000800103c       0xd4 Core/Src/main.o
                0x000000000800103c                SystemClock_Config
 .text.MX_CAN1_Init
                0x0000000008001110       0x6c Core/Src/main.o
 .text.MX_CAN2_Init
                0x000000000800117c       0x6c Core/Src/main.o
 .text.MX_SPI5_Init
                0x00000000080011e8       0x6c Core/Src/main.o
 .text.MX_TIM2_Init
                0x0000000008001254       0xf4 Core/Src/main.o
 .text.MX_TIM3_Init
                0x0000000008001348       0xb4 Core/Src/main.o
 .text.MX_TIM4_Init
                0x00000000080013fc       0xf8 Core/Src/main.o
 .text.MX_TIM12_Init
                0x00000000080014f4       0x8c Core/Src/main.o
 .text.MX_USART1_UART_Init
                0x0000000008001580       0x58 Core/Src/main.o
 .text.MX_USART2_UART_Init
                0x00000000080015d8       0x54 Core/Src/main.o
 .text.MX_USART6_UART_Init
                0x000000000800162c       0x54 Core/Src/main.o
 .text.MX_DMA_Init
                0x0000000008001680       0x7c Core/Src/main.o
 .text.MX_GPIO_Init
                0x00000000080016fc      0x188 Core/Src/main.o
 .text.Error_Handler
                0x0000000008001884        0xe Core/Src/main.o
                0x0000000008001884                Error_Handler
 .text.PID_init
                0x0000000008001892       0xaa Core/Src/pid.o
                0x0000000008001892                PID_init
 .text.PID_calc
                0x000000000800193c      0x290 Core/Src/pid.o
                0x000000000800193c                PID_calc
 .text.set_rotation_target
                0x0000000008001bcc       0xaa Core/Src/pid.o
                0x0000000008001bcc                set_rotation_target
 .text.get_rotation_actual_error
                0x0000000008001c76       0x90 Core/Src/pid.o
                0x0000000008001c76                get_rotation_actual_error
 *fill*         0x0000000008001d06        0x2 
 .text.can_filter_init
                0x0000000008001d08       0x74 Core/Src/rm_can.o
                0x0000000008001d08                can_filter_init
 .text.can_transmit
                0x0000000008001d7c       0xae Core/Src/rm_can.o
                0x0000000008001d7c                can_transmit
 *fill*         0x0000000008001e2a        0x2 
 .text.HAL_CAN_RxFifo0MsgPendingCallback
                0x0000000008001e2c       0x4c Core/Src/rm_can.o
                0x0000000008001e2c                HAL_CAN_RxFifo0MsgPendingCallback
 .text.get_motor_measure
                0x0000000008001e78       0x76 Core/Src/rm_can.o
                0x0000000008001e78                get_motor_measure
 *fill*         0x0000000008001eee        0x2 
 .text.grand_pid_init
                0x0000000008001ef0      0x14c Core/Src/rm_ctrl.o
                0x0000000008001ef0                grand_pid_init
 .text.imu_calibration
                0x000000000800203c      0x214 Core/Src/rm_ctrl.o
                0x000000000800203c                imu_calibration
 .text.imu_temp_pid_ctrl
                0x0000000008002250       0x58 Core/Src/rm_ctrl.o
                0x0000000008002250                imu_temp_pid_ctrl
 .text.yaw_ecd_pid_ctrl
                0x00000000080022a8       0x78 Core/Src/rm_ctrl.o
                0x00000000080022a8                yaw_ecd_pid_ctrl
 .text.led_off  0x0000000008002320       0x28 Core/Src/rm_gpio.o
                0x0000000008002320                led_off
 .text.power_on
                0x0000000008002348       0x18 Core/Src/rm_gpio.o
                0x0000000008002348                power_on
 .text.inv_sqrt
                0x0000000008002360       0x78 Core/Src/rm_imu.o
                0x0000000008002360                inv_sqrt
 .text.mpu_write_byte
                0x00000000080023d8       0x70 Core/Src/rm_imu.o
                0x00000000080023d8                mpu_write_byte
 .text.mpu_read_byte
                0x0000000008002448       0x68 Core/Src/rm_imu.o
                0x0000000008002448                mpu_read_byte
 .text.mpu_read_bytes
                0x00000000080024b0       0x7c Core/Src/rm_imu.o
                0x00000000080024b0                mpu_read_bytes
 .text.ist_reg_write_by_mpu
                0x000000000800252c       0x54 Core/Src/rm_imu.o
 .text.ist_reg_read_by_mpu
                0x0000000008002580       0x4a Core/Src/rm_imu.o
 .text.mpu_master_i2c_auto_read_config
                0x00000000080025ca       0xac Core/Src/rm_imu.o
 *fill*         0x0000000008002676        0x2 
 .text.ist8310_init
                0x0000000008002678      0x120 Core/Src/rm_imu.o
                0x0000000008002678                ist8310_init
 .text.ist8310_get_data
                0x0000000008002798       0x1a Core/Src/rm_imu.o
                0x0000000008002798                ist8310_get_data
 *fill*         0x00000000080027b2        0x2 
 .text.mpu_get_data
                0x00000000080027b4      0x270 Core/Src/rm_imu.o
                0x00000000080027b4                mpu_get_data
 .text.mpu_set_gyro_fsr
                0x0000000008002a24       0x22 Core/Src/rm_imu.o
                0x0000000008002a24                mpu_set_gyro_fsr
 .text.mpu_set_accel_fsr
                0x0000000008002a46       0x22 Core/Src/rm_imu.o
                0x0000000008002a46                mpu_set_accel_fsr
 .text.mpu_device_init
                0x0000000008002a68       0xc8 Core/Src/rm_imu.o
                0x0000000008002a68                mpu_device_init
 .text.mpu_offset_call
                0x0000000008002b30      0x1b4 Core/Src/rm_imu.o
                0x0000000008002b30                mpu_offset_call
 .text.init_quaternion
                0x0000000008002ce4      0x278 Core/Src/rm_imu.o
                0x0000000008002ce4                init_quaternion
 .text.imu_ahrs_update
                0x0000000008002f5c      0x940 Core/Src/rm_imu.o
                0x0000000008002f5c                imu_ahrs_update
 *fill*         0x000000000800389c        0x4 
 .text.imu_attitude_update
                0x00000000080038a0      0x210 Core/Src/rm_imu.o
                0x00000000080038a0                imu_attitude_update
 .text.pwm_imu_start
                0x0000000008003ab0       0x14 Core/Src/rm_pwm.o
                0x0000000008003ab0                pwm_imu_start
 .text.pwm_buzzer_start
                0x0000000008003ac4       0x14 Core/Src/rm_pwm.o
                0x0000000008003ac4                pwm_buzzer_start
 .text.set_pwm_imu
                0x0000000008003ad8       0x20 Core/Src/rm_pwm.o
                0x0000000008003ad8                set_pwm_imu
 .text.set_pwm_buzzer
                0x0000000008003af8       0x20 Core/Src/rm_pwm.o
                0x0000000008003af8                set_pwm_buzzer
 .text.uart_receive_dma_no_it
                0x0000000008003b18       0x76 Core/Src/rm_uart.o
 .text.dma_current_data_counter
                0x0000000008003b8e       0x1a Core/Src/rm_uart.o
                0x0000000008003b8e                dma_current_data_counter
 .text.rc_callback_handler
                0x0000000008003ba8      0x220 Core/Src/rm_uart.o
                0x0000000008003ba8                rc_callback_handler
 .text.uart_rx_idle_callback
                0x0000000008003dc8       0x8c Core/Src/rm_uart.o
 .text.uart_receive_handler
                0x0000000008003e54       0x32 Core/Src/rm_uart.o
                0x0000000008003e54                uart_receive_handler
 *fill*         0x0000000008003e86        0x2 
 .text.dbus_uart_init
                0x0000000008003e88       0x48 Core/Src/rm_uart.o
                0x0000000008003e88                dbus_uart_init
 .text.HAL_MspInit
                0x0000000008003ed0       0x50 Core/Src/stm32f4xx_hal_msp.o
                0x0000000008003ed0                HAL_MspInit
 .text.HAL_CAN_MspInit
                0x0000000008003f20      0x180 Core/Src/stm32f4xx_hal_msp.o
                0x0000000008003f20                HAL_CAN_MspInit
 .text.HAL_SPI_MspInit
                0x00000000080040a0       0x90 Core/Src/stm32f4xx_hal_msp.o
                0x00000000080040a0                HAL_SPI_MspInit
 .text.HAL_TIM_PWM_MspInit
                0x0000000008004130       0xc4 Core/Src/stm32f4xx_hal_msp.o
                0x0000000008004130                HAL_TIM_PWM_MspInit
 .text.HAL_TIM_MspPostInit
                0x00000000080041f4      0x160 Core/Src/stm32f4xx_hal_msp.o
                0x00000000080041f4                HAL_TIM_MspPostInit
 .text.HAL_UART_MspInit
                0x0000000008004354      0x2cc Core/Src/stm32f4xx_hal_msp.o
                0x0000000008004354                HAL_UART_MspInit
 .text.NMI_Handler
                0x0000000008004620        0xe Core/Src/stm32f4xx_it.o
                0x0000000008004620                NMI_Handler
 .text.HardFault_Handler
                0x000000000800462e        0x6 Core/Src/stm32f4xx_it.o
                0x000000000800462e                HardFault_Handler
 .text.MemManage_Handler
                0x0000000008004634        0x6 Core/Src/stm32f4xx_it.o
                0x0000000008004634                MemManage_Handler
 .text.BusFault_Handler
                0x000000000800463a        0x6 Core/Src/stm32f4xx_it.o
                0x000000000800463a                BusFault_Handler
 .text.UsageFault_Handler
                0x0000000008004640        0x6 Core/Src/stm32f4xx_it.o
                0x0000000008004640                UsageFault_Handler
 .text.SVC_Handler
                0x0000000008004646        0xe Core/Src/stm32f4xx_it.o
                0x0000000008004646                SVC_Handler
 .text.DebugMon_Handler
                0x0000000008004654        0xe Core/Src/stm32f4xx_it.o
                0x0000000008004654                DebugMon_Handler
 .text.PendSV_Handler
                0x0000000008004662        0xe Core/Src/stm32f4xx_it.o
                0x0000000008004662                PendSV_Handler
 .text.SysTick_Handler
                0x0000000008004670        0xc Core/Src/stm32f4xx_it.o
                0x0000000008004670                SysTick_Handler
 .text.DMA1_Stream5_IRQHandler
                0x000000000800467c       0x14 Core/Src/stm32f4xx_it.o
                0x000000000800467c                DMA1_Stream5_IRQHandler
 .text.DMA1_Stream6_IRQHandler
                0x0000000008004690       0x14 Core/Src/stm32f4xx_it.o
                0x0000000008004690                DMA1_Stream6_IRQHandler
 .text.CAN1_TX_IRQHandler
                0x00000000080046a4       0x14 Core/Src/stm32f4xx_it.o
                0x00000000080046a4                CAN1_TX_IRQHandler
 .text.CAN1_RX0_IRQHandler
                0x00000000080046b8       0x14 Core/Src/stm32f4xx_it.o
                0x00000000080046b8                CAN1_RX0_IRQHandler
 .text.USART1_IRQHandler
                0x00000000080046cc       0x18 Core/Src/stm32f4xx_it.o
                0x00000000080046cc                USART1_IRQHandler
 .text.USART2_IRQHandler
                0x00000000080046e4       0x14 Core/Src/stm32f4xx_it.o
                0x00000000080046e4                USART2_IRQHandler
 .text.DMA2_Stream2_IRQHandler
                0x00000000080046f8       0x14 Core/Src/stm32f4xx_it.o
                0x00000000080046f8                DMA2_Stream2_IRQHandler
 .text.CAN2_TX_IRQHandler
                0x000000000800470c       0x14 Core/Src/stm32f4xx_it.o
                0x000000000800470c                CAN2_TX_IRQHandler
 .text.CAN2_RX0_IRQHandler
                0x0000000008004720       0x14 Core/Src/stm32f4xx_it.o
                0x0000000008004720                CAN2_RX0_IRQHandler
 .text.USART6_IRQHandler
                0x0000000008004734       0x14 Core/Src/stm32f4xx_it.o
                0x0000000008004734                USART6_IRQHandler
 .text.SystemInit
                0x0000000008004748       0x2c Core/Src/system_stm32f4xx.o
                0x0000000008004748                SystemInit
 .text.Reset_Handler
                0x0000000008004774       0x50 Core/Startup/startup_stm32f427iihx.o
                0x0000000008004774                Reset_Handler
 .text.Default_Handler
                0x00000000080047c4        0x2 Core/Startup/startup_stm32f427iihx.o
                0x00000000080047c4                RTC_Alarm_IRQHandler
                0x00000000080047c4                HASH_RNG_IRQHandler
                0x00000000080047c4                EXTI2_IRQHandler
                0x00000000080047c4                TIM8_CC_IRQHandler
                0x00000000080047c4                UART8_IRQHandler
                0x00000000080047c4                SPI4_IRQHandler
                0x00000000080047c4                TIM1_CC_IRQHandler
                0x00000000080047c4                DMA2_Stream5_IRQHandler
                0x00000000080047c4                PVD_IRQHandler
                0x00000000080047c4                SDIO_IRQHandler
                0x00000000080047c4                TAMP_STAMP_IRQHandler
                0x00000000080047c4                CAN2_RX1_IRQHandler
                0x00000000080047c4                EXTI3_IRQHandler
                0x00000000080047c4                TIM8_TRG_COM_TIM14_IRQHandler
                0x00000000080047c4                TIM1_UP_TIM10_IRQHandler
                0x00000000080047c4                TIM8_UP_TIM13_IRQHandler
                0x00000000080047c4                I2C3_ER_IRQHandler
                0x00000000080047c4                EXTI0_IRQHandler
                0x00000000080047c4                I2C2_EV_IRQHandler
                0x00000000080047c4                DMA1_Stream2_IRQHandler
                0x00000000080047c4                FPU_IRQHandler
                0x00000000080047c4                OTG_HS_WKUP_IRQHandler
                0x00000000080047c4                CAN2_SCE_IRQHandler
                0x00000000080047c4                SPI1_IRQHandler
                0x00000000080047c4                TIM6_DAC_IRQHandler
                0x00000000080047c4                TIM1_BRK_TIM9_IRQHandler
                0x00000000080047c4                DCMI_IRQHandler
                0x00000000080047c4                DMA2_Stream3_IRQHandler
                0x00000000080047c4                USART3_IRQHandler
                0x00000000080047c4                CAN1_RX1_IRQHandler
                0x00000000080047c4                UART5_IRQHandler
                0x00000000080047c4                DMA2_Stream0_IRQHandler
                0x00000000080047c4                TIM4_IRQHandler
                0x00000000080047c4                I2C1_EV_IRQHandler
                0x00000000080047c4                DMA1_Stream1_IRQHandler
                0x00000000080047c4                UART4_IRQHandler
                0x00000000080047c4                TIM3_IRQHandler
                0x00000000080047c4                RCC_IRQHandler
                0x00000000080047c4                TIM8_BRK_TIM12_IRQHandler
                0x00000000080047c4                Default_Handler
                0x00000000080047c4                EXTI15_10_IRQHandler
                0x00000000080047c4                ADC_IRQHandler
                0x00000000080047c4                DMA1_Stream7_IRQHandler
                0x00000000080047c4                SPI5_IRQHandler
                0x00000000080047c4                TIM7_IRQHandler
                0x00000000080047c4                TIM5_IRQHandler
                0x00000000080047c4                DMA2_Stream7_IRQHandler
                0x00000000080047c4                I2C3_EV_IRQHandler
                0x00000000080047c4                EXTI9_5_IRQHandler
                0x00000000080047c4                RTC_WKUP_IRQHandler
                0x00000000080047c4                ETH_WKUP_IRQHandler
                0x00000000080047c4                SPI2_IRQHandler
                0x00000000080047c4                OTG_HS_EP1_IN_IRQHandler
                0x00000000080047c4                DMA1_Stream0_IRQHandler
                0x00000000080047c4                EXTI4_IRQHandler
                0x00000000080047c4                ETH_IRQHandler
                0x00000000080047c4                OTG_HS_EP1_OUT_IRQHandler
                0x00000000080047c4                WWDG_IRQHandler
                0x00000000080047c4                SPI6_IRQHandler
                0x00000000080047c4                TIM2_IRQHandler
                0x00000000080047c4                OTG_FS_WKUP_IRQHandler
                0x00000000080047c4                TIM1_TRG_COM_TIM11_IRQHandler
                0x00000000080047c4                OTG_HS_IRQHandler
                0x00000000080047c4                DMA2D_IRQHandler
                0x00000000080047c4                EXTI1_IRQHandler
                0x00000000080047c4                UART7_IRQHandler
                0x00000000080047c4                I2C2_ER_IRQHandler
                0x00000000080047c4                DMA2_Stream1_IRQHandler
                0x00000000080047c4                CAN1_SCE_IRQHandler
                0x00000000080047c4                FLASH_IRQHandler
                0x00000000080047c4                DMA2_Stream4_IRQHandler
                0x00000000080047c4                OTG_FS_IRQHandler
                0x00000000080047c4                SPI3_IRQHandler
                0x00000000080047c4                DMA1_Stream4_IRQHandler
                0x00000000080047c4                I2C1_ER_IRQHandler
                0x00000000080047c4                FMC_IRQHandler
                0x00000000080047c4                DMA2_Stream6_IRQHandler
                0x00000000080047c4                SAI1_IRQHandler
                0x00000000080047c4                DMA1_Stream3_IRQHandler
 *fill*         0x00000000080047c6        0x2 
 .text.HAL_Init
                0x00000000080047c8       0x44 Drivers/STM32F4xx_HAL_Driver/Src/stm32f4xx_hal.o
                0x00000000080047c8                HAL_Init
 .text.HAL_InitTick
                0x000000000800480c       0x60 Drivers/STM32F4xx_HAL_Driver/Src/stm32f4xx_hal.o
                0x000000000800480c                HAL_InitTick
 .text.HAL_IncTick
                0x000000000800486c       0x28 Drivers/STM32F4xx_HAL_Driver/Src/stm32f4xx_hal.o
                0x000000000800486c                HAL_IncTick
 .text.HAL_GetTick
                0x0000000008004894       0x18 Drivers/STM32F4xx_HAL_Driver/Src/stm32f4xx_hal.o
                0x0000000008004894                HAL_GetTick
 .text.HAL_Delay
                0x00000000080048ac       0x44 Drivers/STM32F4xx_HAL_Driver/Src/stm32f4xx_hal.o
                0x00000000080048ac                HAL_Delay
 .text.HAL_CAN_Init
                0x00000000080048f0      0x1f6 Drivers/STM32F4xx_HAL_Driver/Src/stm32f4xx_hal_can.o
                0x00000000080048f0                HAL_CAN_Init
 *fill*         0x0000000008004ae6        0x2 
 .text.HAL_CAN_ConfigFilter
                0x0000000008004ae8      0x1c0 Drivers/STM32F4xx_HAL_Driver/Src/stm32f4xx_hal_can.o
                0x0000000008004ae8                HAL_CAN_ConfigFilter
 .text.HAL_CAN_Start
                0x0000000008004ca8       0x88 Drivers/STM32F4xx_HAL_Driver/Src/stm32f4xx_hal_can.o
                0x0000000008004ca8                HAL_CAN_Start
 .text.HAL_CAN_AddTxMessage
                0x0000000008004d30      0x1b6 Drivers/STM32F4xx_HAL_Driver/Src/stm32f4xx_hal_can.o
                0x0000000008004d30                HAL_CAN_AddTxMessage
 .text.HAL_CAN_IsTxMessagePending
                0x0000000008004ee6       0x48 Drivers/STM32F4xx_HAL_Driver/Src/stm32f4xx_hal_can.o
                0x0000000008004ee6                HAL_CAN_IsTxMessagePending
 .text.HAL_CAN_GetRxMessage
                0x0000000008004f2e      0x224 Drivers/STM32F4xx_HAL_Driver/Src/stm32f4xx_hal_can.o
                0x0000000008004f2e                HAL_CAN_GetRxMessage
 .text.HAL_CAN_ActivateNotification
                0x0000000008005152       0x4c Drivers/STM32F4xx_HAL_Driver/Src/stm32f4xx_hal_can.o
                0x0000000008005152                HAL_CAN_ActivateNotification
 .text.HAL_CAN_IRQHandler
                0x000000000800519e      0x362 Drivers/STM32F4xx_HAL_Driver/Src/stm32f4xx_hal_can.o
                0x000000000800519e                HAL_CAN_IRQHandler
 .text.HAL_CAN_TxMailbox0CompleteCallback
                0x0000000008005500       0x14 Drivers/STM32F4xx_HAL_Driver/Src/stm32f4xx_hal_can.o
                0x0000000008005500                HAL_CAN_TxMailbox0CompleteCallback
 .text.HAL_CAN_TxMailbox1CompleteCallback
                0x0000000008005514       0x14 Drivers/STM32F4xx_HAL_Driver/Src/stm32f4xx_hal_can.o
                0x0000000008005514                HAL_CAN_TxMailbox1CompleteCallback
 .text.HAL_CAN_TxMailbox2CompleteCallback
                0x0000000008005528       0x14 Drivers/STM32F4xx_HAL_Driver/Src/stm32f4xx_hal_can.o
                0x0000000008005528                HAL_CAN_TxMailbox2CompleteCallback
 .text.HAL_CAN_TxMailbox0AbortCallback
                0x000000000800553c       0x14 Drivers/STM32F4xx_HAL_Driver/Src/stm32f4xx_hal_can.o
                0x000000000800553c                HAL_CAN_TxMailbox0AbortCallback
 .text.HAL_CAN_TxMailbox1AbortCallback
                0x0000000008005550       0x14 Drivers/STM32F4xx_HAL_Driver/Src/stm32f4xx_hal_can.o
                0x0000000008005550                HAL_CAN_TxMailbox1AbortCallback
 .text.HAL_CAN_TxMailbox2AbortCallback
                0x0000000008005564       0x14 Drivers/STM32F4xx_HAL_Driver/Src/stm32f4xx_hal_can.o
                0x0000000008005564                HAL_CAN_TxMailbox2AbortCallback
 .text.HAL_CAN_RxFifo0FullCallback
                0x0000000008005578       0x14 Drivers/STM32F4xx_HAL_Driver/Src/stm32f4xx_hal_can.o
                0x0000000008005578                HAL_CAN_RxFifo0FullCallback
 .text.HAL_CAN_RxFifo1MsgPendingCallback
                0x000000000800558c       0x14 Drivers/STM32F4xx_HAL_Driver/Src/stm32f4xx_hal_can.o
                0x000000000800558c                HAL_CAN_RxFifo1MsgPendingCallback
 .text.HAL_CAN_RxFifo1FullCallback
                0x00000000080055a0       0x14 Drivers/STM32F4xx_HAL_Driver/Src/stm32f4xx_hal_can.o
                0x00000000080055a0                HAL_CAN_RxFifo1FullCallback
 .text.HAL_CAN_SleepCallback
                0x00000000080055b4       0x14 Drivers/STM32F4xx_HAL_Driver/Src/stm32f4xx_hal_can.o
                0x00000000080055b4                HAL_CAN_SleepCallback
 .text.HAL_CAN_WakeUpFromRxMsgCallback
                0x00000000080055c8       0x14 Drivers/STM32F4xx_HAL_Driver/Src/stm32f4xx_hal_can.o
                0x00000000080055c8                HAL_CAN_WakeUpFromRxMsgCallback
 .text.HAL_CAN_ErrorCallback
                0x00000000080055dc       0x14 Drivers/STM32F4xx_HAL_Driver/Src/stm32f4xx_hal_can.o
                0x00000000080055dc                HAL_CAN_ErrorCallback
 .text.__NVIC_SetPriorityGrouping
                0x00000000080055f0       0x48 Drivers/STM32F4xx_HAL_Driver/Src/stm32f4xx_hal_cortex.o
 .text.__NVIC_GetPriorityGrouping
                0x0000000008005638       0x1c Drivers/STM32F4xx_HAL_Driver/Src/stm32f4xx_hal_cortex.o
 .text.__NVIC_EnableIRQ
                0x0000000008005654       0x3c Drivers/STM32F4xx_HAL_Driver/Src/stm32f4xx_hal_cortex.o
 .text.__NVIC_SetPriority
                0x0000000008005690       0x54 Drivers/STM32F4xx_HAL_Driver/Src/stm32f4xx_hal_cortex.o
 .text.NVIC_EncodePriority
                0x00000000080056e4       0x66 Drivers/STM32F4xx_HAL_Driver/Src/stm32f4xx_hal_cortex.o
 *fill*         0x000000000800574a        0x2 
 .text.SysTick_Config
                0x000000000800574c       0x44 Drivers/STM32F4xx_HAL_Driver/Src/stm32f4xx_hal_cortex.o
 .text.HAL_NVIC_SetPriorityGrouping
                0x0000000008005790       0x16 Drivers/STM32F4xx_HAL_Driver/Src/stm32f4xx_hal_cortex.o
                0x0000000008005790                HAL_NVIC_SetPriorityGrouping
 .text.HAL_NVIC_SetPriority
                0x00000000080057a6       0x38 Drivers/STM32F4xx_HAL_Driver/Src/stm32f4xx_hal_cortex.o
                0x00000000080057a6                HAL_NVIC_SetPriority
 .text.HAL_NVIC_EnableIRQ
                0x00000000080057de       0x1c Drivers/STM32F4xx_HAL_Driver/Src/stm32f4xx_hal_cortex.o
                0x00000000080057de                HAL_NVIC_EnableIRQ
 .text.HAL_SYSTICK_Config
                0x00000000080057fa       0x18 Drivers/STM32F4xx_HAL_Driver/Src/stm32f4xx_hal_cortex.o
                0x00000000080057fa                HAL_SYSTICK_Config
 *fill*         0x0000000008005812        0x2 
 .text.HAL_DMA_Init
                0x0000000008005814      0x15c Drivers/STM32F4xx_HAL_Driver/Src/stm32f4xx_hal_dma.o
                0x0000000008005814                HAL_DMA_Init
 .text.HAL_DMA_Start
                0x0000000008005970       0x76 Drivers/STM32F4xx_HAL_Driver/Src/stm32f4xx_hal_dma.o
                0x0000000008005970                HAL_DMA_Start
 .text.HAL_DMA_Abort_IT
                0x00000000080059e6       0x44 Drivers/STM32F4xx_HAL_Driver/Src/stm32f4xx_hal_dma.o
                0x00000000080059e6                HAL_DMA_Abort_IT
 *fill*         0x0000000008005a2a        0x2 
 .text.HAL_DMA_IRQHandler
                0x0000000008005a2c      0x314 Drivers/STM32F4xx_HAL_Driver/Src/stm32f4xx_hal_dma.o
                0x0000000008005a2c                HAL_DMA_IRQHandler
 .text.DMA_SetConfig
                0x0000000008005d40       0x5c Drivers/STM32F4xx_HAL_Driver/Src/stm32f4xx_hal_dma.o
 .text.DMA_CalcBaseAndBitshift
                0x0000000008005d9c       0x6c Drivers/STM32F4xx_HAL_Driver/Src/stm32f4xx_hal_dma.o
 .text.DMA_CheckFifoParam
                0x0000000008005e08       0xf4 Drivers/STM32F4xx_HAL_Driver/Src/stm32f4xx_hal_dma.o
 .text.HAL_GPIO_Init
                0x0000000008005efc      0x354 Drivers/STM32F4xx_HAL_Driver/Src/stm32f4xx_hal_gpio.o
                0x0000000008005efc                HAL_GPIO_Init
 .text.HAL_GPIO_WritePin
                0x0000000008006250       0x32 Drivers/STM32F4xx_HAL_Driver/Src/stm32f4xx_hal_gpio.o
                0x0000000008006250                HAL_GPIO_WritePin
 .text.HAL_GPIO_TogglePin
                0x0000000008006282       0x36 Drivers/STM32F4xx_HAL_Driver/Src/stm32f4xx_hal_gpio.o
                0x0000000008006282                HAL_GPIO_TogglePin
 .text.HAL_RCC_OscConfig
                0x00000000080062b8      0x4e0 Drivers/STM32F4xx_HAL_Driver/Src/stm32f4xx_hal_rcc.o
                0x00000000080062b8                HAL_RCC_OscConfig
 .text.HAL_RCC_ClockConfig
                0x0000000008006798      0x1cc Drivers/STM32F4xx_HAL_Driver/Src/stm32f4xx_hal_rcc.o
                0x0000000008006798                HAL_RCC_ClockConfig
 .text.HAL_RCC_GetSysClockFreq
                0x0000000008006964      0x164 Drivers/STM32F4xx_HAL_Driver/Src/stm32f4xx_hal_rcc.o
                0x0000000008006964                HAL_RCC_GetSysClockFreq
 .text.HAL_RCC_GetHCLKFreq
                0x0000000008006ac8       0x18 Drivers/STM32F4xx_HAL_Driver/Src/stm32f4xx_hal_rcc.o
                0x0000000008006ac8                HAL_RCC_GetHCLKFreq
 .text.HAL_RCC_GetPCLK1Freq
                0x0000000008006ae0       0x28 Drivers/STM32F4xx_HAL_Driver/Src/stm32f4xx_hal_rcc.o
                0x0000000008006ae0                HAL_RCC_GetPCLK1Freq
 .text.HAL_RCC_GetPCLK2Freq
                0x0000000008006b08       0x28 Drivers/STM32F4xx_HAL_Driver/Src/stm32f4xx_hal_rcc.o
                0x0000000008006b08                HAL_RCC_GetPCLK2Freq
 .text.HAL_SPI_Init
                0x0000000008006b30       0xc8 Drivers/STM32F4xx_HAL_Driver/Src/stm32f4xx_hal_spi.o
                0x0000000008006b30                HAL_SPI_Init
 .text.HAL_SPI_TransmitReceive
                0x0000000008006bf8      0x344 Drivers/STM32F4xx_HAL_Driver/Src/stm32f4xx_hal_spi.o
                0x0000000008006bf8                HAL_SPI_TransmitReceive
 .text.SPI_WaitFlagStateUntilTimeout
                0x0000000008006f3c       0xd4 Drivers/STM32F4xx_HAL_Driver/Src/stm32f4xx_hal_spi.o
 .text.SPI_EndRxTxTransaction
                0x0000000008007010       0x84 Drivers/STM32F4xx_HAL_Driver/Src/stm32f4xx_hal_spi.o
 .text.HAL_TIM_PWM_Init
                0x0000000008007094       0x56 Drivers/STM32F4xx_HAL_Driver/Src/stm32f4xx_hal_tim.o
                0x0000000008007094                HAL_TIM_PWM_Init
 *fill*         0x00000000080070ea        0x2 
 .text.HAL_TIM_PWM_Start
                0x00000000080070ec       0x7c Drivers/STM32F4xx_HAL_Driver/Src/stm32f4xx_hal_tim.o
                0x00000000080070ec                HAL_TIM_PWM_Start
 .text.HAL_TIM_PWM_ConfigChannel
                0x0000000008007168      0x18c Drivers/STM32F4xx_HAL_Driver/Src/stm32f4xx_hal_tim.o
                0x0000000008007168                HAL_TIM_PWM_ConfigChannel
 .text.TIM_Base_SetConfig
                0x00000000080072f4      0x140 Drivers/STM32F4xx_HAL_Driver/Src/stm32f4xx_hal_tim.o
                0x00000000080072f4                TIM_Base_SetConfig
 .text.TIM_OC1_SetConfig
                0x0000000008007434       0xe0 Drivers/STM32F4xx_HAL_Driver/Src/stm32f4xx_hal_tim.o
 .text.TIM_OC2_SetConfig
                0x0000000008007514       0xec Drivers/STM32F4xx_HAL_Driver/Src/stm32f4xx_hal_tim.o
                0x0000000008007514                TIM_OC2_SetConfig
 .text.TIM_OC3_SetConfig
                0x0000000008007600       0xe8 Drivers/STM32F4xx_HAL_Driver/Src/stm32f4xx_hal_tim.o
 .text.TIM_OC4_SetConfig
                0x00000000080076e8       0xac Drivers/STM32F4xx_HAL_Driver/Src/stm32f4xx_hal_tim.o
 .text.TIM_CCxChannelCmd
                0x0000000008007794       0x4a Drivers/STM32F4xx_HAL_Driver/Src/stm32f4xx_hal_tim.o
                0x0000000008007794                TIM_CCxChannelCmd
 *fill*         0x00000000080077de        0x2 
 .text.HAL_TIMEx_MasterConfigSynchronization
                0x00000000080077e0       0xf8 Drivers/STM32F4xx_HAL_Driver/Src/stm32f4xx_hal_tim_ex.o
                0x00000000080077e0                HAL_TIMEx_MasterConfigSynchronization
 .text.HAL_UART_Init
                0x00000000080078d8       0x9a Drivers/STM32F4xx_HAL_Driver/Src/stm32f4xx_hal_uart.o
                0x00000000080078d8                HAL_UART_Init
 *fill*         0x0000000008007972        0x2 
 .text.HAL_UART_IRQHandler
                0x0000000008007974      0x200 Drivers/STM32F4xx_HAL_Driver/Src/stm32f4xx_hal_uart.o
                0x0000000008007974                HAL_UART_IRQHandler
 .text.HAL_UART_TxCpltCallback
                0x0000000008007b74       0x14 Drivers/STM32F4xx_HAL_Driver/Src/stm32f4xx_hal_uart.o
                0x0000000008007b74                HAL_UART_TxCpltCallback
 .text.HAL_UART_RxCpltCallback
                0x0000000008007b88       0x14 Drivers/STM32F4xx_HAL_Driver/Src/stm32f4xx_hal_uart.o
                0x0000000008007b88                HAL_UART_RxCpltCallback
 .text.HAL_UART_ErrorCallback
                0x0000000008007b9c       0x14 Drivers/STM32F4xx_HAL_Driver/Src/stm32f4xx_hal_uart.o
                0x0000000008007b9c                HAL_UART_ErrorCallback
 .text.UART_EndRxTransfer
                0x0000000008007bb0       0x3c Drivers/STM32F4xx_HAL_Driver/Src/stm32f4xx_hal_uart.o
 .text.UART_DMAAbortOnError
                0x0000000008007bec       0x28 Drivers/STM32F4xx_HAL_Driver/Src/stm32f4xx_hal_uart.o
 .text.UART_Transmit_IT
                0x0000000008007c14       0xac Drivers/STM32F4xx_HAL_Driver/Src/stm32f4xx_hal_uart.o
 .text.UART_EndTransmit_IT
                0x0000000008007cc0       0x30 Drivers/STM32F4xx_HAL_Driver/Src/stm32f4xx_hal_uart.o
 .text.UART_Receive_IT
                0x0000000008007cf0      0x102 Drivers/STM32F4xx_HAL_Driver/Src/stm32f4xx_hal_uart.o
 *fill*         0x0000000008007df2        0x2 
 .text.UART_SetConfig
                0x0000000008007df4      0x6f8 Drivers/STM32F4xx_HAL_Driver/Src/stm32f4xx_hal_uart.o
 .text.__errno  0x00000000080084ec        0xc c:/st/stm32cubeide_1.1.0/stm32cubeide/plugins/com.st.stm32cube.ide.mcu.externaltools.gnu-tools-for-stm32.7-2018-q2-update.win32_1.0.0.201904181610/tools/bin/../lib/gcc/arm-none-eabi/7.3.1/../../../../arm-none-eabi/lib/thumb/v7e-m/fpv4-sp/hard\libc_nano.a(lib_a-errno.o)
                0x00000000080084ec                __errno
 .text.__libc_init_array
                0x00000000080084f8       0x48 c:/st/stm32cubeide_1.1.0/stm32cubeide/plugins/com.st.stm32cube.ide.mcu.externaltools.gnu-tools-for-stm32.7-2018-q2-update.win32_1.0.0.201904181610/tools/bin/../lib/gcc/arm-none-eabi/7.3.1/../../../../arm-none-eabi/lib/thumb/v7e-m/fpv4-sp/hard\libc_nano.a(lib_a-init.o)
                0x00000000080084f8                __libc_init_array
 .text.memcpy   0x0000000008008540       0x16 c:/st/stm32cubeide_1.1.0/stm32cubeide/plugins/com.st.stm32cube.ide.mcu.externaltools.gnu-tools-for-stm32.7-2018-q2-update.win32_1.0.0.201904181610/tools/bin/../lib/gcc/arm-none-eabi/7.3.1/../../../../arm-none-eabi/lib/thumb/v7e-m/fpv4-sp/hard\libc_nano.a(lib_a-memcpy-stub.o)
                0x0000000008008540                memcpy
 .text.memset   0x0000000008008556       0x10 c:/st/stm32cubeide_1.1.0/stm32cubeide/plugins/com.st.stm32cube.ide.mcu.externaltools.gnu-tools-for-stm32.7-2018-q2-update.win32_1.0.0.201904181610/tools/bin/../lib/gcc/arm-none-eabi/7.3.1/../../../../arm-none-eabi/lib/thumb/v7e-m/fpv4-sp/hard\libc_nano.a(lib_a-memset.o)
                0x0000000008008556                memset
 *fill*         0x0000000008008566        0x2 
 .text.asin     0x0000000008008568       0xb0 c:/st/stm32cubeide_1.1.0/stm32cubeide/plugins/com.st.stm32cube.ide.mcu.externaltools.gnu-tools-for-stm32.7-2018-q2-update.win32_1.0.0.201904181610/tools/bin/../lib/gcc/arm-none-eabi/7.3.1/../../../../arm-none-eabi/lib/thumb/v7e-m/fpv4-sp/hard\libm.a(lib_a-w_asin.o)
                0x0000000008008568                asin
 .text.atan2    0x0000000008008618        0x4 c:/st/stm32cubeide_1.1.0/stm32cubeide/plugins/com.st.stm32cube.ide.mcu.externaltools.gnu-tools-for-stm32.7-2018-q2-update.win32_1.0.0.201904181610/tools/bin/../lib/gcc/arm-none-eabi/7.3.1/../../../../arm-none-eabi/lib/thumb/v7e-m/fpv4-sp/hard\libm.a(lib_a-w_atan2.o)
                0x0000000008008618                atan2
 .text.fmod     0x000000000800861c       0xc8 c:/st/stm32cubeide_1.1.0/stm32cubeide/plugins/com.st.stm32cube.ide.mcu.externaltools.gnu-tools-for-stm32.7-2018-q2-update.win32_1.0.0.201904181610/tools/bin/../lib/gcc/arm-none-eabi/7.3.1/../../../../arm-none-eabi/lib/thumb/v7e-m/fpv4-sp/hard\libm.a(lib_a-w_fmod.o)
                0x000000000800861c                fmod
 .text.sqrt     0x00000000080086e4       0xb4 c:/st/stm32cubeide_1.1.0/stm32cubeide/plugins/com.st.stm32cube.ide.mcu.externaltools.gnu-tools-for-stm32.7-2018-q2-update.win32_1.0.0.201904181610/tools/bin/../lib/gcc/arm-none-eabi/7.3.1/../../../../arm-none-eabi/lib/thumb/v7e-m/fpv4-sp/hard\libm.a(lib_a-w_sqrt.o)
                0x00000000080086e4                sqrt
 .text.__ieee754_asin
                0x0000000008008798      0x420 c:/st/stm32cubeide_1.1.0/stm32cubeide/plugins/com.st.stm32cube.ide.mcu.externaltools.gnu-tools-for-stm32.7-2018-q2-update.win32_1.0.0.201904181610/tools/bin/../lib/gcc/arm-none-eabi/7.3.1/../../../../arm-none-eabi/lib/thumb/v7e-m/fpv4-sp/hard\libm.a(lib_a-e_asin.o)
                0x0000000008008798                __ieee754_asin
 .text.__ieee754_atan2
                0x0000000008008bb8      0x1bc c:/st/stm32cubeide_1.1.0/stm32cubeide/plugins/com.st.stm32cube.ide.mcu.externaltools.gnu-tools-for-stm32.7-2018-q2-update.win32_1.0.0.201904181610/tools/bin/../lib/gcc/arm-none-eabi/7.3.1/../../../../arm-none-eabi/lib/thumb/v7e-m/fpv4-sp/hard\libm.a(lib_a-e_atan2.o)
                0x0000000008008bb8                __ieee754_atan2
 .text.__ieee754_fmod
                0x0000000008008d74      0x224 c:/st/stm32cubeide_1.1.0/stm32cubeide/plugins/com.st.stm32cube.ide.mcu.externaltools.gnu-tools-for-stm32.7-2018-q2-update.win32_1.0.0.201904181610/tools/bin/../lib/gcc/arm-none-eabi/7.3.1/../../../../arm-none-eabi/lib/thumb/v7e-m/fpv4-sp/hard\libm.a(lib_a-e_fmod.o)
                0x0000000008008d74                __ieee754_fmod
 .text.__ieee754_sqrt
                0x0000000008008f98      0x160 c:/st/stm32cubeide_1.1.0/stm32cubeide/plugins/com.st.stm32cube.ide.mcu.externaltools.gnu-tools-for-stm32.7-2018-q2-update.win32_1.0.0.201904181610/tools/bin/../lib/gcc/arm-none-eabi/7.3.1/../../../../arm-none-eabi/lib/thumb/v7e-m/fpv4-sp/hard\libm.a(lib_a-e_sqrt.o)
                0x0000000008008f98                __ieee754_sqrt
 .text.atan     0x00000000080090f8      0x340 c:/st/stm32cubeide_1.1.0/stm32cubeide/plugins/com.st.stm32cube.ide.mcu.externaltools.gnu-tools-for-stm32.7-2018-q2-update.win32_1.0.0.201904181610/tools/bin/../lib/gcc/arm-none-eabi/7.3.1/../../../../arm-none-eabi/lib/thumb/v7e-m/fpv4-sp/hard\libm.a(lib_a-s_atan.o)
                0x00000000080090f8                atan
 .text.fabs     0x0000000008009438       0x12 c:/st/stm32cubeide_1.1.0/stm32cubeide/plugins/com.st.stm32cube.ide.mcu.externaltools.gnu-tools-for-stm32.7-2018-q2-update.win32_1.0.0.201904181610/tools/bin/../lib/gcc/arm-none-eabi/7.3.1/../../../../arm-none-eabi/lib/thumb/v7e-m/fpv4-sp/hard\libm.a(lib_a-s_fabs.o)
                0x0000000008009438                fabs
 .text.matherr  0x000000000800944a        0x4 c:/st/stm32cubeide_1.1.0/stm32cubeide/plugins/com.st.stm32cube.ide.mcu.externaltools.gnu-tools-for-stm32.7-2018-q2-update.win32_1.0.0.201904181610/tools/bin/../lib/gcc/arm-none-eabi/7.3.1/../../../../arm-none-eabi/lib/thumb/v7e-m/fpv4-sp/hard\libm.a(lib_a-s_matherr.o)
                0x000000000800944a                matherr
 *fill*         0x000000000800944e        0x2 
 .text.nan      0x0000000008009450       0x10 c:/st/stm32cubeide_1.1.0/stm32cubeide/plugins/com.st.stm32cube.ide.mcu.externaltools.gnu-tools-for-stm32.7-2018-q2-update.win32_1.0.0.201904181610/tools/bin/../lib/gcc/arm-none-eabi/7.3.1/../../../../arm-none-eabi/lib/thumb/v7e-m/fpv4-sp/hard\libm.a(lib_a-s_nan.o)
                0x0000000008009450                nan
 *(.glue_7)
 .glue_7        0x0000000008009460        0x0 linker stubs
 *(.glue_7t)
 .glue_7t       0x0000000008009460        0x0 linker stubs
 *(.eh_frame)
 .eh_frame      0x0000000008009460        0x0 c:/st/stm32cubeide_1.1.0/stm32cubeide/plugins/com.st.stm32cube.ide.mcu.externaltools.gnu-tools-for-stm32.7-2018-q2-update.win32_1.0.0.201904181610/tools/bin/../lib/gcc/arm-none-eabi/7.3.1/thumb/v7e-m/fpv4-sp/hard/crtbegin.o
 *(.init)
 .init          0x0000000008009460        0x4 c:/st/stm32cubeide_1.1.0/stm32cubeide/plugins/com.st.stm32cube.ide.mcu.externaltools.gnu-tools-for-stm32.7-2018-q2-update.win32_1.0.0.201904181610/tools/bin/../lib/gcc/arm-none-eabi/7.3.1/thumb/v7e-m/fpv4-sp/hard/crti.o
                0x0000000008009460                _init
 .init          0x0000000008009464        0x8 c:/st/stm32cubeide_1.1.0/stm32cubeide/plugins/com.st.stm32cube.ide.mcu.externaltools.gnu-tools-for-stm32.7-2018-q2-update.win32_1.0.0.201904181610/tools/bin/../lib/gcc/arm-none-eabi/7.3.1/thumb/v7e-m/fpv4-sp/hard/crtn.o
 *(.fini)
 .fini          0x000000000800946c        0x4 c:/st/stm32cubeide_1.1.0/stm32cubeide/plugins/com.st.stm32cube.ide.mcu.externaltools.gnu-tools-for-stm32.7-2018-q2-update.win32_1.0.0.201904181610/tools/bin/../lib/gcc/arm-none-eabi/7.3.1/thumb/v7e-m/fpv4-sp/hard/crti.o
                0x000000000800946c                _fini
 .fini          0x0000000008009470        0x8 c:/st/stm32cubeide_1.1.0/stm32cubeide/plugins/com.st.stm32cube.ide.mcu.externaltools.gnu-tools-for-stm32.7-2018-q2-update.win32_1.0.0.201904181610/tools/bin/../lib/gcc/arm-none-eabi/7.3.1/thumb/v7e-m/fpv4-sp/hard/crtn.o
                0x0000000008009478                . = ALIGN (0x4)
                0x0000000008009478                _etext = .

.vfp11_veneer   0x0000000008009478        0x0
 .vfp11_veneer  0x0000000008009478        0x0 linker stubs

.v4_bx          0x0000000008009478        0x0
 .v4_bx         0x0000000008009478        0x0 linker stubs

.iplt           0x0000000008009478        0x0
 .iplt          0x0000000008009478        0x0 c:/st/stm32cubeide_1.1.0/stm32cubeide/plugins/com.st.stm32cube.ide.mcu.externaltools.gnu-tools-for-stm32.7-2018-q2-update.win32_1.0.0.201904181610/tools/bin/../lib/gcc/arm-none-eabi/7.3.1/thumb/v7e-m/fpv4-sp/hard/crtbegin.o

.rodata         0x0000000008009478       0xf8
                0x0000000008009478                . = ALIGN (0x4)
 *(.rodata)
 *(.rodata*)
 .rodata.imu_temp_PID
                0x0000000008009478        0xc Core/Src/rm_ctrl.o
                0x0000000008009478                imu_temp_PID
 .rodata.wheels_rpm_PID
                0x0000000008009484        0xc Core/Src/rm_ctrl.o
                0x0000000008009484                wheels_rpm_PID
 .rodata.yaw_deg_imu_PID
                0x0000000008009490        0xc Core/Src/rm_ctrl.o
                0x0000000008009490                yaw_deg_imu_PID
 .rodata.yaw_rpm_imu_PID
                0x000000000800949c        0xc Core/Src/rm_ctrl.o
                0x000000000800949c                yaw_rpm_imu_PID
 .rodata.yaw_pos_ecd_PID
                0x00000000080094a8        0xc Core/Src/rm_ctrl.o
                0x00000000080094a8                yaw_pos_ecd_PID
 .rodata.yaw_rpm_ecd_PID
                0x00000000080094b4        0xc Core/Src/rm_ctrl.o
                0x00000000080094b4                yaw_rpm_ecd_PID
 .rodata.pit_deg_imu_PID
                0x00000000080094c0        0xc Core/Src/rm_ctrl.o
                0x00000000080094c0                pit_deg_imu_PID
 .rodata.pit_rpm_imu_PID
                0x00000000080094cc        0xc Core/Src/rm_ctrl.o
                0x00000000080094cc                pit_rpm_imu_PID
 .rodata.pit_pos_ecd_PID
                0x00000000080094d8        0xc Core/Src/rm_ctrl.o
                0x00000000080094d8                pit_pos_ecd_PID
 .rodata.pit_rpm_ecd_PID
                0x00000000080094e4        0xc Core/Src/rm_ctrl.o
                0x00000000080094e4                pit_rpm_ecd_PID
 .rodata.AHBPrescTable
                0x00000000080094f0       0x10 Core/Src/system_stm32f4xx.o
                0x00000000080094f0                AHBPrescTable
 .rodata.APBPrescTable
                0x0000000008009500        0x8 Core/Src/system_stm32f4xx.o
                0x0000000008009500                APBPrescTable
 .rodata.flagBitshiftOffset.8483
                0x0000000008009508        0x8 Drivers/STM32F4xx_HAL_Driver/Src/stm32f4xx_hal_dma.o
 .rodata.asin.str1.1
                0x0000000008009510        0x5 c:/st/stm32cubeide_1.1.0/stm32cubeide/plugins/com.st.stm32cube.ide.mcu.externaltools.gnu-tools-for-stm32.7-2018-q2-update.win32_1.0.0.201904181610/tools/bin/../lib/gcc/arm-none-eabi/7.3.1/../../../../arm-none-eabi/lib/thumb/v7e-m/fpv4-sp/hard\libm.a(lib_a-w_asin.o)
                                          0x6 (size before relaxing)
 .rodata.fmod.str1.1
                0x0000000008009515        0x5 c:/st/stm32cubeide_1.1.0/stm32cubeide/plugins/com.st.stm32cube.ide.mcu.externaltools.gnu-tools-for-stm32.7-2018-q2-update.win32_1.0.0.201904181610/tools/bin/../lib/gcc/arm-none-eabi/7.3.1/../../../../arm-none-eabi/lib/thumb/v7e-m/fpv4-sp/hard\libm.a(lib_a-w_fmod.o)
 .rodata.sqrt.str1.1
                0x000000000800951a        0x5 c:/st/stm32cubeide_1.1.0/stm32cubeide/plugins/com.st.stm32cube.ide.mcu.externaltools.gnu-tools-for-stm32.7-2018-q2-update.win32_1.0.0.201904181610/tools/bin/../lib/gcc/arm-none-eabi/7.3.1/../../../../arm-none-eabi/lib/thumb/v7e-m/fpv4-sp/hard\libm.a(lib_a-w_sqrt.o)
 *fill*         0x000000000800951f        0x1 
 .rodata.Zero   0x0000000008009520       0x10 c:/st/stm32cubeide_1.1.0/stm32cubeide/plugins/com.st.stm32cube.ide.mcu.externaltools.gnu-tools-for-stm32.7-2018-q2-update.win32_1.0.0.201904181610/tools/bin/../lib/gcc/arm-none-eabi/7.3.1/../../../../arm-none-eabi/lib/thumb/v7e-m/fpv4-sp/hard\libm.a(lib_a-e_fmod.o)
 .rodata.atanhi
                0x0000000008009530       0x20 c:/st/stm32cubeide_1.1.0/stm32cubeide/plugins/com.st.stm32cube.ide.mcu.externaltools.gnu-tools-for-stm32.7-2018-q2-update.win32_1.0.0.201904181610/tools/bin/../lib/gcc/arm-none-eabi/7.3.1/../../../../arm-none-eabi/lib/thumb/v7e-m/fpv4-sp/hard\libm.a(lib_a-s_atan.o)
 .rodata.atanlo
                0x0000000008009550       0x20 c:/st/stm32cubeide_1.1.0/stm32cubeide/plugins/com.st.stm32cube.ide.mcu.externaltools.gnu-tools-for-stm32.7-2018-q2-update.win32_1.0.0.201904181610/tools/bin/../lib/gcc/arm-none-eabi/7.3.1/../../../../arm-none-eabi/lib/thumb/v7e-m/fpv4-sp/hard\libm.a(lib_a-s_atan.o)
                0x0000000008009570                . = ALIGN (0x4)

.ARM.extab      0x0000000008009570        0x0
                0x0000000008009570                . = ALIGN (0x4)
 *(.ARM.extab* .gnu.linkonce.armextab.*)
                0x0000000008009570                . = ALIGN (0x4)

.ARM            0x0000000008009570        0x8
                0x0000000008009570                . = ALIGN (0x4)
                0x0000000008009570                __exidx_start = .
 *(.ARM.exidx*)
 .ARM.exidx     0x0000000008009570        0x8 c:/st/stm32cubeide_1.1.0/stm32cubeide/plugins/com.st.stm32cube.ide.mcu.externaltools.gnu-tools-for-stm32.7-2018-q2-update.win32_1.0.0.201904181610/tools/bin/../lib/gcc/arm-none-eabi/7.3.1/thumb/v7e-m/fpv4-sp/hard\libgcc.a(_udivmoddi4.o)
                0x0000000008009578                __exidx_end = .
                0x0000000008009578                . = ALIGN (0x4)

.rel.dyn        0x0000000008009578        0x0
 .rel.iplt      0x0000000008009578        0x0 c:/st/stm32cubeide_1.1.0/stm32cubeide/plugins/com.st.stm32cube.ide.mcu.externaltools.gnu-tools-for-stm32.7-2018-q2-update.win32_1.0.0.201904181610/tools/bin/../lib/gcc/arm-none-eabi/7.3.1/thumb/v7e-m/fpv4-sp/hard/crtbegin.o

.preinit_array  0x0000000008009578        0x0
                0x0000000008009578                . = ALIGN (0x4)
                0x0000000008009578                PROVIDE (__preinit_array_start = .)
 *(.preinit_array*)
                0x0000000008009578                PROVIDE (__preinit_array_end = .)
                0x0000000008009578                . = ALIGN (0x4)

.init_array     0x0000000008009578        0x4
                0x0000000008009578                . = ALIGN (0x4)
                0x0000000008009578                PROVIDE (__init_array_start = .)
 *(SORT_BY_NAME(.init_array.*))
 *(.init_array*)
 .init_array    0x0000000008009578        0x4 c:/st/stm32cubeide_1.1.0/stm32cubeide/plugins/com.st.stm32cube.ide.mcu.externaltools.gnu-tools-for-stm32.7-2018-q2-update.win32_1.0.0.201904181610/tools/bin/../lib/gcc/arm-none-eabi/7.3.1/thumb/v7e-m/fpv4-sp/hard/crtbegin.o
                0x000000000800957c                PROVIDE (__init_array_end = .)
                0x000000000800957c                . = ALIGN (0x4)

.fini_array     0x000000000800957c        0x4
                0x000000000800957c                . = ALIGN (0x4)
                [!provide]                        PROVIDE (__fini_array_start = .)
 *(SORT_BY_NAME(.fini_array.*))
 *(.fini_array*)
 .fini_array    0x000000000800957c        0x4 c:/st/stm32cubeide_1.1.0/stm32cubeide/plugins/com.st.stm32cube.ide.mcu.externaltools.gnu-tools-for-stm32.7-2018-q2-update.win32_1.0.0.201904181610/tools/bin/../lib/gcc/arm-none-eabi/7.3.1/thumb/v7e-m/fpv4-sp/hard/crtbegin.o
                [!provide]                        PROVIDE (__fini_array_end = .)
                0x0000000008009580                . = ALIGN (0x4)
                0x0000000008009580                _sidata = LOADADDR (.data)

.data           0x0000000020000000       0x88 load address 0x0000000008009580
                0x0000000020000000                . = ALIGN (0x4)
                0x0000000020000000                _sdata = .
 *(.data)
 *(.data*)
 .data.q0       0x0000000020000000        0x4 Core/Src/rm_imu.o
                0x0000000020000000                q0
 .data.tx_buff  0x0000000020000004        0xe Core/Src/rm_imu.o
 *fill*         0x0000000020000012        0x2 
 .data.SystemCoreClock
                0x0000000020000014        0x4 Core/Src/system_stm32f4xx.o
                0x0000000020000014                SystemCoreClock
 .data.uwTickPrio
                0x0000000020000018        0x4 Drivers/STM32F4xx_HAL_Driver/Src/stm32f4xx_hal.o
                0x0000000020000018                uwTickPrio
 .data.uwTickFreq
                0x000000002000001c        0x1 Drivers/STM32F4xx_HAL_Driver/Src/stm32f4xx_hal.o
                0x000000002000001c                uwTickFreq
 *fill*         0x000000002000001d        0x3 
 .data._impure_ptr
                0x0000000020000020        0x4 c:/st/stm32cubeide_1.1.0/stm32cubeide/plugins/com.st.stm32cube.ide.mcu.externaltools.gnu-tools-for-stm32.7-2018-q2-update.win32_1.0.0.201904181610/tools/bin/../lib/gcc/arm-none-eabi/7.3.1/../../../../arm-none-eabi/lib/thumb/v7e-m/fpv4-sp/hard\libc_nano.a(lib_a-impure.o)
                0x0000000020000020                _impure_ptr
 .data.impure_data
                0x0000000020000024       0x60 c:/st/stm32cubeide_1.1.0/stm32cubeide/plugins/com.st.stm32cube.ide.mcu.externaltools.gnu-tools-for-stm32.7-2018-q2-update.win32_1.0.0.201904181610/tools/bin/../lib/gcc/arm-none-eabi/7.3.1/../../../../arm-none-eabi/lib/thumb/v7e-m/fpv4-sp/hard\libc_nano.a(lib_a-impure.o)
 .data.__fdlib_version
                0x0000000020000084        0x1 c:/st/stm32cubeide_1.1.0/stm32cubeide/plugins/com.st.stm32cube.ide.mcu.externaltools.gnu-tools-for-stm32.7-2018-q2-update.win32_1.0.0.201904181610/tools/bin/../lib/gcc/arm-none-eabi/7.3.1/../../../../arm-none-eabi/lib/thumb/v7e-m/fpv4-sp/hard\libm.a(lib_a-s_lib_ver.o)
                0x0000000020000084                __fdlib_version
                0x0000000020000088                . = ALIGN (0x4)
 *fill*         0x0000000020000085        0x3 
                0x0000000020000088                _edata = .

.igot.plt       0x0000000020000088        0x0 load address 0x0000000008009608
 .igot.plt      0x0000000020000088        0x0 c:/st/stm32cubeide_1.1.0/stm32cubeide/plugins/com.st.stm32cube.ide.mcu.externaltools.gnu-tools-for-stm32.7-2018-q2-update.win32_1.0.0.201904181610/tools/bin/../lib/gcc/arm-none-eabi/7.3.1/thumb/v7e-m/fpv4-sp/hard/crtbegin.o
                0x0000000020000088                . = ALIGN (0x4)

.bss            0x0000000020000088      0x998 load address 0x0000000008009608
                0x0000000020000088                _sbss = .
                0x0000000020000088                __bss_start__ = _sbss
 *(.bss)
 .bss           0x0000000020000088       0x1c c:/st/stm32cubeide_1.1.0/stm32cubeide/plugins/com.st.stm32cube.ide.mcu.externaltools.gnu-tools-for-stm32.7-2018-q2-update.win32_1.0.0.201904181610/tools/bin/../lib/gcc/arm-none-eabi/7.3.1/thumb/v7e-m/fpv4-sp/hard/crtbegin.o
 *(.bss*)
 .bss.yaw_target
                0x00000000200000a4        0x4 Core/Src/main.o
                0x00000000200000a4                yaw_target
 .bss.pit_target
                0x00000000200000a8        0x4 Core/Src/main.o
                0x00000000200000a8                pit_target
 .bss.yaw_out   0x00000000200000ac        0x2 Core/Src/main.o
                0x00000000200000ac                yaw_out
 .bss.pit_out   0x00000000200000ae        0x2 Core/Src/main.o
                0x00000000200000ae                pit_out
 .bss.trigger_out
                0x00000000200000b0        0x2 Core/Src/main.o
                0x00000000200000b0                trigger_out
 *fill*         0x00000000200000b2        0x2 
 .bss.q1        0x00000000200000b4        0x4 Core/Src/rm_imu.o
                0x00000000200000b4                q1
 .bss.q2        0x00000000200000b8        0x4 Core/Src/rm_imu.o
                0x00000000200000b8                q2
 .bss.q3        0x00000000200000bc        0x4 Core/Src/rm_imu.o
                0x00000000200000bc                q3
 .bss.gx        0x00000000200000c0        0x4 Core/Src/rm_imu.o
 .bss.gy        0x00000000200000c4        0x4 Core/Src/rm_imu.o
 .bss.gz        0x00000000200000c8        0x4 Core/Src/rm_imu.o
 .bss.ax        0x00000000200000cc        0x4 Core/Src/rm_imu.o
 .bss.ay        0x00000000200000d0        0x4 Core/Src/rm_imu.o
 .bss.az        0x00000000200000d4        0x4 Core/Src/rm_imu.o
 .bss.mx        0x00000000200000d8        0x4 Core/Src/rm_imu.o
 .bss.my        0x00000000200000dc        0x4 Core/Src/rm_imu.o
 .bss.mz        0x00000000200000e0        0x4 Core/Src/rm_imu.o
 .bss.tx        0x00000000200000e4        0x1 Core/Src/rm_imu.o
 .bss.rx        0x00000000200000e5        0x1 Core/Src/rm_imu.o
 *fill*         0x00000000200000e6        0x2 
 .bss.imu       0x00000000200000e8       0x54 Core/Src/rm_imu.o
                0x00000000200000e8                imu
 .bss.HAL_RCC_CAN1_CLK_ENABLED
                0x000000002000013c        0x4 Core/Src/stm32f4xx_hal_msp.o
 *(COMMON)
 COMMON         0x0000000020000140      0x456 Core/Src/main.o
                0x0000000020000140                hdma_usart2_rx
                0x00000000200001a0                hspi5
                0x00000000200001f8                htim4
                0x0000000020000238                htim3
                0x0000000020000278                hcan2
                0x00000000200002a0                hdma_usart1_rx
                0x0000000020000300                hdma_usart2_tx
                0x0000000020000360                huart1
                0x00000000200003a0                count
                0x00000000200003a4                huart6
                0x00000000200003e4                buf
                0x00000000200004ac                htim2
                0x00000000200004ec                huart2
                0x000000002000052c                hcan1
                0x0000000020000554                htim12
                0x0000000020000594                yaw_ecd
 *fill*         0x0000000020000596        0x2 
 COMMON         0x0000000020000598       0x54 Core/Src/rm_can.o
                0x0000000020000598                motors
 COMMON         0x00000000200005ec      0x3a8 Core/Src/rm_ctrl.o
                0x00000000200005ec                yaw_rpm_imu_pid
                0x0000000020000634                pit_rpm_imu_pid
                0x000000002000067c                imu_temp_pid
                0x00000000200006c4                yaw_rpm_ecd_pid
                0x000000002000070c                pit_pos_ecd_pid
                0x0000000020000754                pit_rpm_ecd_pid
                0x000000002000079c                yaw_pos_ecd_pid
                0x00000000200007e4                wheels_rpm_pid
                0x0000000020000904                yaw_deg_imu_pid
                0x000000002000094c                pit_deg_imu_pid
 COMMON         0x0000000020000994       0x4c Core/Src/rm_imu.o
                0x0000000020000994                exInt
                0x0000000020000998                ist_buff
                0x000000002000099e                id
                0x00000000200009a0                now_update
                0x00000000200009a4                eyInt
                0x00000000200009a8                mpu_data
                0x00000000200009c8                mpu_buff
                0x00000000200009d8                ezInt
                0x00000000200009dc                last_update
 COMMON         0x00000000200009e0       0x3c Core/Src/rm_uart.o
                0x00000000200009e0                rc
                0x00000000200009f8                dbus_buf
 COMMON         0x0000000020000a1c        0x4 Drivers/STM32F4xx_HAL_Driver/Src/stm32f4xx_hal.o
                0x0000000020000a1c                uwTick
                0x0000000020000a20                . = ALIGN (0x4)
                0x0000000020000a20                _ebss = .
                0x0000000020000a20                __bss_end__ = _ebss

._user_heap_stack
                0x0000000020000a20      0x600 load address 0x0000000008009608
                0x0000000020000a20                . = ALIGN (0x8)
                0x0000000020000a20                PROVIDE (end = .)
                [!provide]                        PROVIDE (_end = .)
                0x0000000020000c20                . = (. + _Min_Heap_Size)
 *fill*         0x0000000020000a20      0x200 
                0x0000000020001020                . = (. + _Min_Stack_Size)
 *fill*         0x0000000020000c20      0x400 
                0x0000000020001020                . = ALIGN (0x8)

/DISCARD/
 libc.a(*)
 libm.a(*)
 libgcc.a(*)

.ARM.attributes
                0x0000000000000000       0x30
 *(.ARM.attributes)
 .ARM.attributes
                0x0000000000000000       0x22 c:/st/stm32cubeide_1.1.0/stm32cubeide/plugins/com.st.stm32cube.ide.mcu.externaltools.gnu-tools-for-stm32.7-2018-q2-update.win32_1.0.0.201904181610/tools/bin/../lib/gcc/arm-none-eabi/7.3.1/thumb/v7e-m/fpv4-sp/hard/crti.o
 .ARM.attributes
                0x0000000000000022       0x34 c:/st/stm32cubeide_1.1.0/stm32cubeide/plugins/com.st.stm32cube.ide.mcu.externaltools.gnu-tools-for-stm32.7-2018-q2-update.win32_1.0.0.201904181610/tools/bin/../lib/gcc/arm-none-eabi/7.3.1/thumb/v7e-m/fpv4-sp/hard/crtbegin.o
 .ARM.attributes
                0x0000000000000056       0x39 Core/Src/main.o
 .ARM.attributes
                0x000000000000008f       0x39 Core/Src/pid.o
 .ARM.attributes
                0x00000000000000c8       0x39 Core/Src/rm_can.o
 .ARM.attributes
                0x0000000000000101       0x39 Core/Src/rm_ctrl.o
 .ARM.attributes
                0x000000000000013a       0x39 Core/Src/rm_gpio.o
 .ARM.attributes
                0x0000000000000173       0x39 Core/Src/rm_imu.o
 .ARM.attributes
                0x00000000000001ac       0x39 Core/Src/rm_pwm.o
 .ARM.attributes
                0x00000000000001e5       0x39 Core/Src/rm_uart.o
 .ARM.attributes
                0x000000000000021e       0x39 Core/Src/stm32f4xx_hal_msp.o
 .ARM.attributes
                0x0000000000000257       0x39 Core/Src/stm32f4xx_it.o
 .ARM.attributes
                0x0000000000000290       0x39 Core/Src/system_stm32f4xx.o
 .ARM.attributes
                0x00000000000002c9       0x21 Core/Startup/startup_stm32f427iihx.o
 .ARM.attributes
                0x00000000000002ea       0x39 Drivers/STM32F4xx_HAL_Driver/Src/stm32f4xx_hal.o
 .ARM.attributes
                0x0000000000000323       0x39 Drivers/STM32F4xx_HAL_Driver/Src/stm32f4xx_hal_can.o
 .ARM.attributes
                0x000000000000035c       0x39 Drivers/STM32F4xx_HAL_Driver/Src/stm32f4xx_hal_cortex.o
 .ARM.attributes
                0x0000000000000395       0x39 Drivers/STM32F4xx_HAL_Driver/Src/stm32f4xx_hal_dma.o
 .ARM.attributes
                0x00000000000003ce       0x39 Drivers/STM32F4xx_HAL_Driver/Src/stm32f4xx_hal_gpio.o
 .ARM.attributes
                0x0000000000000407       0x39 Drivers/STM32F4xx_HAL_Driver/Src/stm32f4xx_hal_rcc.o
 .ARM.attributes
                0x0000000000000440       0x39 Drivers/STM32F4xx_HAL_Driver/Src/stm32f4xx_hal_spi.o
 .ARM.attributes
                0x0000000000000479       0x39 Drivers/STM32F4xx_HAL_Driver/Src/stm32f4xx_hal_tim.o
 .ARM.attributes
                0x00000000000004b2       0x39 Drivers/STM32F4xx_HAL_Driver/Src/stm32f4xx_hal_tim_ex.o
 .ARM.attributes
                0x00000000000004eb       0x39 Drivers/STM32F4xx_HAL_Driver/Src/stm32f4xx_hal_uart.o
 .ARM.attributes
                0x0000000000000524       0x34 c:/st/stm32cubeide_1.1.0/stm32cubeide/plugins/com.st.stm32cube.ide.mcu.externaltools.gnu-tools-for-stm32.7-2018-q2-update.win32_1.0.0.201904181610/tools/bin/../lib/gcc/arm-none-eabi/7.3.1/../../../../arm-none-eabi/lib/thumb/v7e-m/fpv4-sp/hard\libc_nano.a(lib_a-errno.o)
 .ARM.attributes
                0x0000000000000558       0x34 c:/st/stm32cubeide_1.1.0/stm32cubeide/plugins/com.st.stm32cube.ide.mcu.externaltools.gnu-tools-for-stm32.7-2018-q2-update.win32_1.0.0.201904181610/tools/bin/../lib/gcc/arm-none-eabi/7.3.1/../../../../arm-none-eabi/lib/thumb/v7e-m/fpv4-sp/hard\libc_nano.a(lib_a-impure.o)
 .ARM.attributes
                0x000000000000058c       0x34 c:/st/stm32cubeide_1.1.0/stm32cubeide/plugins/com.st.stm32cube.ide.mcu.externaltools.gnu-tools-for-stm32.7-2018-q2-update.win32_1.0.0.201904181610/tools/bin/../lib/gcc/arm-none-eabi/7.3.1/../../../../arm-none-eabi/lib/thumb/v7e-m/fpv4-sp/hard\libc_nano.a(lib_a-init.o)
 .ARM.attributes
                0x00000000000005c0       0x34 c:/st/stm32cubeide_1.1.0/stm32cubeide/plugins/com.st.stm32cube.ide.mcu.externaltools.gnu-tools-for-stm32.7-2018-q2-update.win32_1.0.0.201904181610/tools/bin/../lib/gcc/arm-none-eabi/7.3.1/../../../../arm-none-eabi/lib/thumb/v7e-m/fpv4-sp/hard\libc_nano.a(lib_a-memcpy-stub.o)
 .ARM.attributes
                0x00000000000005f4       0x34 c:/st/stm32cubeide_1.1.0/stm32cubeide/plugins/com.st.stm32cube.ide.mcu.externaltools.gnu-tools-for-stm32.7-2018-q2-update.win32_1.0.0.201904181610/tools/bin/../lib/gcc/arm-none-eabi/7.3.1/../../../../arm-none-eabi/lib/thumb/v7e-m/fpv4-sp/hard\libc_nano.a(lib_a-memset.o)
 .ARM.attributes
                0x0000000000000628       0x34 c:/st/stm32cubeide_1.1.0/stm32cubeide/plugins/com.st.stm32cube.ide.mcu.externaltools.gnu-tools-for-stm32.7-2018-q2-update.win32_1.0.0.201904181610/tools/bin/../lib/gcc/arm-none-eabi/7.3.1/../../../../arm-none-eabi/lib/thumb/v7e-m/fpv4-sp/hard\libm.a(lib_a-w_asin.o)
 .ARM.attributes
                0x000000000000065c       0x34 c:/st/stm32cubeide_1.1.0/stm32cubeide/plugins/com.st.stm32cube.ide.mcu.externaltools.gnu-tools-for-stm32.7-2018-q2-update.win32_1.0.0.201904181610/tools/bin/../lib/gcc/arm-none-eabi/7.3.1/../../../../arm-none-eabi/lib/thumb/v7e-m/fpv4-sp/hard\libm.a(lib_a-w_atan2.o)
 .ARM.attributes
                0x0000000000000690       0x34 c:/st/stm32cubeide_1.1.0/stm32cubeide/plugins/com.st.stm32cube.ide.mcu.externaltools.gnu-tools-for-stm32.7-2018-q2-update.win32_1.0.0.201904181610/tools/bin/../lib/gcc/arm-none-eabi/7.3.1/../../../../arm-none-eabi/lib/thumb/v7e-m/fpv4-sp/hard\libm.a(lib_a-w_fmod.o)
 .ARM.attributes
                0x00000000000006c4       0x34 c:/st/stm32cubeide_1.1.0/stm32cubeide/plugins/com.st.stm32cube.ide.mcu.externaltools.gnu-tools-for-stm32.7-2018-q2-update.win32_1.0.0.201904181610/tools/bin/../lib/gcc/arm-none-eabi/7.3.1/../../../../arm-none-eabi/lib/thumb/v7e-m/fpv4-sp/hard\libm.a(lib_a-w_sqrt.o)
 .ARM.attributes
                0x00000000000006f8       0x34 c:/st/stm32cubeide_1.1.0/stm32cubeide/plugins/com.st.stm32cube.ide.mcu.externaltools.gnu-tools-for-stm32.7-2018-q2-update.win32_1.0.0.201904181610/tools/bin/../lib/gcc/arm-none-eabi/7.3.1/../../../../arm-none-eabi/lib/thumb/v7e-m/fpv4-sp/hard\libm.a(lib_a-e_asin.o)
 .ARM.attributes
                0x000000000000072c       0x34 c:/st/stm32cubeide_1.1.0/stm32cubeide/plugins/com.st.stm32cube.ide.mcu.externaltools.gnu-tools-for-stm32.7-2018-q2-update.win32_1.0.0.201904181610/tools/bin/../lib/gcc/arm-none-eabi/7.3.1/../../../../arm-none-eabi/lib/thumb/v7e-m/fpv4-sp/hard\libm.a(lib_a-e_atan2.o)
 .ARM.attributes
                0x0000000000000760       0x34 c:/st/stm32cubeide_1.1.0/stm32cubeide/plugins/com.st.stm32cube.ide.mcu.externaltools.gnu-tools-for-stm32.7-2018-q2-update.win32_1.0.0.201904181610/tools/bin/../lib/gcc/arm-none-eabi/7.3.1/../../../../arm-none-eabi/lib/thumb/v7e-m/fpv4-sp/hard\libm.a(lib_a-e_fmod.o)
 .ARM.attributes
                0x0000000000000794       0x34 c:/st/stm32cubeide_1.1.0/stm32cubeide/plugins/com.st.stm32cube.ide.mcu.externaltools.gnu-tools-for-stm32.7-2018-q2-update.win32_1.0.0.201904181610/tools/bin/../lib/gcc/arm-none-eabi/7.3.1/../../../../arm-none-eabi/lib/thumb/v7e-m/fpv4-sp/hard\libm.a(lib_a-e_sqrt.o)
 .ARM.attributes
                0x00000000000007c8       0x34 c:/st/stm32cubeide_1.1.0/stm32cubeide/plugins/com.st.stm32cube.ide.mcu.externaltools.gnu-tools-for-stm32.7-2018-q2-update.win32_1.0.0.201904181610/tools/bin/../lib/gcc/arm-none-eabi/7.3.1/../../../../arm-none-eabi/lib/thumb/v7e-m/fpv4-sp/hard\libm.a(lib_a-s_atan.o)
 .ARM.attributes
                0x00000000000007fc       0x34 c:/st/stm32cubeide_1.1.0/stm32cubeide/plugins/com.st.stm32cube.ide.mcu.externaltools.gnu-tools-for-stm32.7-2018-q2-update.win32_1.0.0.201904181610/tools/bin/../lib/gcc/arm-none-eabi/7.3.1/../../../../arm-none-eabi/lib/thumb/v7e-m/fpv4-sp/hard\libm.a(lib_a-s_fabs.o)
 .ARM.attributes
                0x0000000000000830       0x34 c:/st/stm32cubeide_1.1.0/stm32cubeide/plugins/com.st.stm32cube.ide.mcu.externaltools.gnu-tools-for-stm32.7-2018-q2-update.win32_1.0.0.201904181610/tools/bin/../lib/gcc/arm-none-eabi/7.3.1/../../../../arm-none-eabi/lib/thumb/v7e-m/fpv4-sp/hard\libm.a(lib_a-s_lib_ver.o)
 .ARM.attributes
                0x0000000000000864       0x34 c:/st/stm32cubeide_1.1.0/stm32cubeide/plugins/com.st.stm32cube.ide.mcu.externaltools.gnu-tools-for-stm32.7-2018-q2-update.win32_1.0.0.201904181610/tools/bin/../lib/gcc/arm-none-eabi/7.3.1/../../../../arm-none-eabi/lib/thumb/v7e-m/fpv4-sp/hard\libm.a(lib_a-s_matherr.o)
 .ARM.attributes
                0x0000000000000898       0x34 c:/st/stm32cubeide_1.1.0/stm32cubeide/plugins/com.st.stm32cube.ide.mcu.externaltools.gnu-tools-for-stm32.7-2018-q2-update.win32_1.0.0.201904181610/tools/bin/../lib/gcc/arm-none-eabi/7.3.1/../../../../arm-none-eabi/lib/thumb/v7e-m/fpv4-sp/hard\libm.a(lib_a-s_nan.o)
 .ARM.attributes
                0x00000000000008cc       0x22 c:/st/stm32cubeide_1.1.0/stm32cubeide/plugins/com.st.stm32cube.ide.mcu.externaltools.gnu-tools-for-stm32.7-2018-q2-update.win32_1.0.0.201904181610/tools/bin/../lib/gcc/arm-none-eabi/7.3.1/thumb/v7e-m/fpv4-sp/hard\libgcc.a(_arm_addsubdf3.o)
 .ARM.attributes
                0x00000000000008ee       0x22 c:/st/stm32cubeide_1.1.0/stm32cubeide/plugins/com.st.stm32cube.ide.mcu.externaltools.gnu-tools-for-stm32.7-2018-q2-update.win32_1.0.0.201904181610/tools/bin/../lib/gcc/arm-none-eabi/7.3.1/thumb/v7e-m/fpv4-sp/hard\libgcc.a(_arm_muldivdf3.o)
 .ARM.attributes
                0x0000000000000910       0x22 c:/st/stm32cubeide_1.1.0/stm32cubeide/plugins/com.st.stm32cube.ide.mcu.externaltools.gnu-tools-for-stm32.7-2018-q2-update.win32_1.0.0.201904181610/tools/bin/../lib/gcc/arm-none-eabi/7.3.1/thumb/v7e-m/fpv4-sp/hard\libgcc.a(_arm_cmpdf2.o)
 .ARM.attributes
                0x0000000000000932       0x22 c:/st/stm32cubeide_1.1.0/stm32cubeide/plugins/com.st.stm32cube.ide.mcu.externaltools.gnu-tools-for-stm32.7-2018-q2-update.win32_1.0.0.201904181610/tools/bin/../lib/gcc/arm-none-eabi/7.3.1/thumb/v7e-m/fpv4-sp/hard\libgcc.a(_arm_unorddf2.o)
 .ARM.attributes
                0x0000000000000954       0x22 c:/st/stm32cubeide_1.1.0/stm32cubeide/plugins/com.st.stm32cube.ide.mcu.externaltools.gnu-tools-for-stm32.7-2018-q2-update.win32_1.0.0.201904181610/tools/bin/../lib/gcc/arm-none-eabi/7.3.1/thumb/v7e-m/fpv4-sp/hard\libgcc.a(_arm_truncdfsf2.o)
 .ARM.attributes
                0x0000000000000976       0x22 c:/st/stm32cubeide_1.1.0/stm32cubeide/plugins/com.st.stm32cube.ide.mcu.externaltools.gnu-tools-for-stm32.7-2018-q2-update.win32_1.0.0.201904181610/tools/bin/../lib/gcc/arm-none-eabi/7.3.1/thumb/v7e-m/fpv4-sp/hard\libgcc.a(_aeabi_uldivmod.o)
 .ARM.attributes
                0x0000000000000998       0x34 c:/st/stm32cubeide_1.1.0/stm32cubeide/plugins/com.st.stm32cube.ide.mcu.externaltools.gnu-tools-for-stm32.7-2018-q2-update.win32_1.0.0.201904181610/tools/bin/../lib/gcc/arm-none-eabi/7.3.1/thumb/v7e-m/fpv4-sp/hard\libgcc.a(_udivmoddi4.o)
 .ARM.attributes
                0x00000000000009cc       0x22 c:/st/stm32cubeide_1.1.0/stm32cubeide/plugins/com.st.stm32cube.ide.mcu.externaltools.gnu-tools-for-stm32.7-2018-q2-update.win32_1.0.0.201904181610/tools/bin/../lib/gcc/arm-none-eabi/7.3.1/thumb/v7e-m/fpv4-sp/hard\libgcc.a(_dvmd_tls.o)
 .ARM.attributes
                0x00000000000009ee       0x22 c:/st/stm32cubeide_1.1.0/stm32cubeide/plugins/com.st.stm32cube.ide.mcu.externaltools.gnu-tools-for-stm32.7-2018-q2-update.win32_1.0.0.201904181610/tools/bin/../lib/gcc/arm-none-eabi/7.3.1/thumb/v7e-m/fpv4-sp/hard/crtn.o
OUTPUT(test_remote_control.elf elf32-littlearm)

.debug_info     0x0000000000000000    0x19a3f
 .debug_info    0x0000000000000000     0x2729 Core/Src/main.o
 .debug_info    0x0000000000002729     0x1948 Core/Src/pid.o
 .debug_info    0x0000000000004071     0x1213 Core/Src/rm_can.o
 .debug_info    0x0000000000005284     0x1e10 Core/Src/rm_ctrl.o
 .debug_info    0x0000000000007094      0xf92 Core/Src/rm_gpio.o
 .debug_info    0x0000000000008026     0x206b Core/Src/rm_imu.o
 .debug_info    0x000000000000a091      0xf20 Core/Src/rm_pwm.o
 .debug_info    0x000000000000afb1     0x1a3c Core/Src/rm_uart.o
 .debug_info    0x000000000000c9ed     0x183f Core/Src/stm32f4xx_hal_msp.o
 .debug_info    0x000000000000e22c     0x11f6 Core/Src/stm32f4xx_it.o
 .debug_info    0x000000000000f422      0x56e Core/Src/system_stm32f4xx.o
 .debug_info    0x000000000000f990       0x22 Core/Startup/startup_stm32f427iihx.o
 .debug_info    0x000000000000f9b2      0x9ad Drivers/STM32F4xx_HAL_Driver/Src/stm32f4xx_hal.o
 .debug_info    0x000000000001035f      0xfb3 Drivers/STM32F4xx_HAL_Driver/Src/stm32f4xx_hal_can.o
 .debug_info    0x0000000000011312      0xe52 Drivers/STM32F4xx_HAL_Driver/Src/stm32f4xx_hal_cortex.o
 .debug_info    0x0000000000012164      0x968 Drivers/STM32F4xx_HAL_Driver/Src/stm32f4xx_hal_dma.o
 .debug_info    0x0000000000012acc      0x7cf Drivers/STM32F4xx_HAL_Driver/Src/stm32f4xx_hal_gpio.o
 .debug_info    0x000000000001329b      0x91e Drivers/STM32F4xx_HAL_Driver/Src/stm32f4xx_hal_rcc.o
 .debug_info    0x0000000000013bb9     0x163a Drivers/STM32F4xx_HAL_Driver/Src/stm32f4xx_hal_spi.o
 .debug_info    0x00000000000151f3     0x24a9 Drivers/STM32F4xx_HAL_Driver/Src/stm32f4xx_hal_tim.o
 .debug_info    0x000000000001769c     0x1157 Drivers/STM32F4xx_HAL_Driver/Src/stm32f4xx_hal_tim_ex.o
 .debug_info    0x00000000000187f3     0x124c Drivers/STM32F4xx_HAL_Driver/Src/stm32f4xx_hal_uart.o

.debug_abbrev   0x0000000000000000     0x2ed9
 .debug_abbrev  0x0000000000000000      0x2fb Core/Src/main.o
 .debug_abbrev  0x00000000000002fb      0x274 Core/Src/pid.o
 .debug_abbrev  0x000000000000056f      0x1f9 Core/Src/rm_can.o
 .debug_abbrev  0x0000000000000768      0x2b1 Core/Src/rm_ctrl.o
 .debug_abbrev  0x0000000000000a19      0x17c Core/Src/rm_gpio.o
 .debug_abbrev  0x0000000000000b95      0x379 Core/Src/rm_imu.o
 .debug_abbrev  0x0000000000000f0e      0x1a3 Core/Src/rm_pwm.o
 .debug_abbrev  0x00000000000010b1      0x2c8 Core/Src/rm_uart.o
 .debug_abbrev  0x0000000000001379      0x223 Core/Src/stm32f4xx_hal_msp.o
 .debug_abbrev  0x000000000000159c      0x20e Core/Src/stm32f4xx_it.o
 .debug_abbrev  0x00000000000017aa      0x12b Core/Src/system_stm32f4xx.o
 .debug_abbrev  0x00000000000018d5       0x12 Core/Startup/startup_stm32f427iihx.o
 .debug_abbrev  0x00000000000018e7      0x1c7 Drivers/STM32F4xx_HAL_Driver/Src/stm32f4xx_hal.o
 .debug_abbrev  0x0000000000001aae      0x22a Drivers/STM32F4xx_HAL_Driver/Src/stm32f4xx_hal_can.o
 .debug_abbrev  0x0000000000001cd8      0x2fa Drivers/STM32F4xx_HAL_Driver/Src/stm32f4xx_hal_cortex.o
 .debug_abbrev  0x0000000000001fd2      0x229 Drivers/STM32F4xx_HAL_Driver/Src/stm32f4xx_hal_dma.o
 .debug_abbrev  0x00000000000021fb      0x1c9 Drivers/STM32F4xx_HAL_Driver/Src/stm32f4xx_hal_gpio.o
 .debug_abbrev  0x00000000000023c4      0x245 Drivers/STM32F4xx_HAL_Driver/Src/stm32f4xx_hal_rcc.o
 .debug_abbrev  0x0000000000002609      0x240 Drivers/STM32F4xx_HAL_Driver/Src/stm32f4xx_hal_spi.o
 .debug_abbrev  0x0000000000002849      0x230 Drivers/STM32F4xx_HAL_Driver/Src/stm32f4xx_hal_tim.o
 .debug_abbrev  0x0000000000002a79      0x21e Drivers/STM32F4xx_HAL_Driver/Src/stm32f4xx_hal_tim_ex.o
 .debug_abbrev  0x0000000000002c97      0x242 Drivers/STM32F4xx_HAL_Driver/Src/stm32f4xx_hal_uart.o

.debug_aranges  0x0000000000000000     0x1160
 .debug_aranges
                0x0000000000000000       0x90 Core/Src/main.o
 .debug_aranges
                0x0000000000000090       0x40 Core/Src/pid.o
 .debug_aranges
                0x00000000000000d0       0x38 Core/Src/rm_can.o
 .debug_aranges
                0x0000000000000108       0x50 Core/Src/rm_ctrl.o
 .debug_aranges
                0x0000000000000158       0x28 Core/Src/rm_gpio.o
 .debug_aranges
                0x0000000000000180       0xa0 Core/Src/rm_imu.o
 .debug_aranges
                0x0000000000000220       0x38 Core/Src/rm_pwm.o
 .debug_aranges
                0x0000000000000258       0x48 Core/Src/rm_uart.o
 .debug_aranges
                0x00000000000002a0       0x68 Core/Src/stm32f4xx_hal_msp.o
 .debug_aranges
                0x0000000000000308       0xb0 Core/Src/stm32f4xx_it.o
 .debug_aranges
                0x00000000000003b8       0x28 Core/Src/system_stm32f4xx.o
 .debug_aranges
                0x00000000000003e0       0x28 Core/Startup/startup_stm32f427iihx.o
 .debug_aranges
                0x0000000000000408      0x100 Drivers/STM32F4xx_HAL_Driver/Src/stm32f4xx_hal.o
 .debug_aranges
                0x0000000000000508      0x138 Drivers/STM32F4xx_HAL_Driver/Src/stm32f4xx_hal_can.o
 .debug_aranges
                0x0000000000000640      0x118 Drivers/STM32F4xx_HAL_Driver/Src/stm32f4xx_hal_cortex.o
 .debug_aranges
                0x0000000000000758       0x90 Drivers/STM32F4xx_HAL_Driver/Src/stm32f4xx_hal_dma.o
 .debug_aranges
                0x00000000000007e8       0x58 Drivers/STM32F4xx_HAL_Driver/Src/stm32f4xx_hal_gpio.o
 .debug_aranges
                0x0000000000000840       0x88 Drivers/STM32F4xx_HAL_Driver/Src/stm32f4xx_hal_rcc.o
 .debug_aranges
                0x00000000000008c8      0x1d0 Drivers/STM32F4xx_HAL_Driver/Src/stm32f4xx_hal_spi.o
 .debug_aranges
                0x0000000000000a98      0x3a8 Drivers/STM32F4xx_HAL_Driver/Src/stm32f4xx_hal_tim.o
 .debug_aranges
                0x0000000000000e40      0x150 Drivers/STM32F4xx_HAL_Driver/Src/stm32f4xx_hal_tim_ex.o
 .debug_aranges
                0x0000000000000f90      0x1d0 Drivers/STM32F4xx_HAL_Driver/Src/stm32f4xx_hal_uart.o

.debug_ranges   0x0000000000000000     0x1008
 .debug_ranges  0x0000000000000000       0x80 Core/Src/main.o
 .debug_ranges  0x0000000000000080       0x30 Core/Src/pid.o
 .debug_ranges  0x00000000000000b0       0x28 Core/Src/rm_can.o
 .debug_ranges  0x00000000000000d8       0x40 Core/Src/rm_ctrl.o
 .debug_ranges  0x0000000000000118       0x18 Core/Src/rm_gpio.o
 .debug_ranges  0x0000000000000130       0x90 Core/Src/rm_imu.o
 .debug_ranges  0x00000000000001c0       0x28 Core/Src/rm_pwm.o
 .debug_ranges  0x00000000000001e8       0x38 Core/Src/rm_uart.o
 .debug_ranges  0x0000000000000220       0x58 Core/Src/stm32f4xx_hal_msp.o
 .debug_ranges  0x0000000000000278       0xa0 Core/Src/stm32f4xx_it.o
 .debug_ranges  0x0000000000000318       0x18 Core/Src/system_stm32f4xx.o
 .debug_ranges  0x0000000000000330       0x20 Core/Startup/startup_stm32f427iihx.o
 .debug_ranges  0x0000000000000350       0xf0 Drivers/STM32F4xx_HAL_Driver/Src/stm32f4xx_hal.o
 .debug_ranges  0x0000000000000440      0x128 Drivers/STM32F4xx_HAL_Driver/Src/stm32f4xx_hal_can.o
 .debug_ranges  0x0000000000000568      0x108 Drivers/STM32F4xx_HAL_Driver/Src/stm32f4xx_hal_cortex.o
 .debug_ranges  0x0000000000000670       0x80 Drivers/STM32F4xx_HAL_Driver/Src/stm32f4xx_hal_dma.o
 .debug_ranges  0x00000000000006f0       0x48 Drivers/STM32F4xx_HAL_Driver/Src/stm32f4xx_hal_gpio.o
 .debug_ranges  0x0000000000000738       0x78 Drivers/STM32F4xx_HAL_Driver/Src/stm32f4xx_hal_rcc.o
 .debug_ranges  0x00000000000007b0      0x1c0 Drivers/STM32F4xx_HAL_Driver/Src/stm32f4xx_hal_spi.o
 .debug_ranges  0x0000000000000970      0x398 Drivers/STM32F4xx_HAL_Driver/Src/stm32f4xx_hal_tim.o
 .debug_ranges  0x0000000000000d08      0x140 Drivers/STM32F4xx_HAL_Driver/Src/stm32f4xx_hal_tim_ex.o
 .debug_ranges  0x0000000000000e48      0x1c0 Drivers/STM32F4xx_HAL_Driver/Src/stm32f4xx_hal_uart.o

.debug_macro    0x0000000000000000    0x255d5
 .debug_macro   0x0000000000000000      0x3d3 Core/Src/main.o
 .debug_macro   0x00000000000003d3      0xa5a Core/Src/main.o
 .debug_macro   0x0000000000000e2d      0x196 Core/Src/main.o
 .debug_macro   0x0000000000000fc3       0x32 Core/Src/main.o
 .debug_macro   0x0000000000000ff5       0x28 Core/Src/main.o
 .debug_macro   0x000000000000101d       0x22 Core/Src/main.o
 .debug_macro   0x000000000000103f       0x8e Core/Src/main.o
 .debug_macro   0x00000000000010cd       0x51 Core/Src/main.o
 .debug_macro   0x000000000000111e       0xef Core/Src/main.o
 .debug_macro   0x000000000000120d       0x6a Core/Src/main.o
 .debug_macro   0x0000000000001277      0x1df Core/Src/main.o
 .debug_macro   0x0000000000001456       0x1c Core/Src/main.o
 .debug_macro   0x0000000000001472       0x22 Core/Src/main.o
 .debug_macro   0x0000000000001494       0xdf Core/Src/main.o
 .debug_macro   0x0000000000001573     0x102d Core/Src/main.o
 .debug_macro   0x00000000000025a0      0x11f Core/Src/main.o
 .debug_macro   0x00000000000026bf    0x1785a Core/Src/main.o
 .debug_macro   0x0000000000019f19       0x43 Core/Src/main.o
 .debug_macro   0x0000000000019f5c     0x36c2 Core/Src/main.o
 .debug_macro   0x000000000001d61e      0x174 Core/Src/main.o
 .debug_macro   0x000000000001d792       0x5a Core/Src/main.o
 .debug_macro   0x000000000001d7ec      0xc6d Core/Src/main.o
 .debug_macro   0x000000000001e459      0x9fe Core/Src/main.o
 .debug_macro   0x000000000001ee57      0x182 Core/Src/main.o
 .debug_macro   0x000000000001efd9      0x117 Core/Src/main.o
 .debug_macro   0x000000000001f0f0      0x16f Core/Src/main.o
 .debug_macro   0x000000000001f25f       0x27 Core/Src/main.o
 .debug_macro   0x000000000001f286      0x287 Core/Src/main.o
 .debug_macro   0x000000000001f50d       0x5f Core/Src/main.o
 .debug_macro   0x000000000001f56c      0x236 Core/Src/main.o
 .debug_macro   0x000000000001f7a2      0x40f Core/Src/main.o
 .debug_macro   0x000000000001fbb1      0x132 Core/Src/main.o
 .debug_macro   0x000000000001fce3      0x41d Core/Src/main.o
 .debug_macro   0x0000000000020100       0x2e Core/Src/main.o
 .debug_macro   0x000000000002012e      0x11a Core/Src/main.o
 .debug_macro   0x0000000000020248       0xe2 Core/Src/main.o
 .debug_macro   0x000000000002032a       0x89 Core/Src/main.o
 .debug_macro   0x00000000000203b3      0x225 Core/Src/main.o
 .debug_macro   0x00000000000205d8      0x8a0 Core/Src/main.o
 .debug_macro   0x0000000000020e78       0x47 Core/Src/main.o
 .debug_macro   0x0000000000020ebf      0x287 Core/Src/main.o
 .debug_macro   0x0000000000021146      0x134 Core/Src/main.o
 .debug_macro   0x000000000002127a       0x70 Core/Src/main.o
 .debug_macro   0x00000000000212ea       0x18 Core/Src/main.o
 .debug_macro   0x0000000000021302       0x46 Core/Src/main.o
 .debug_macro   0x0000000000021348       0x3c Core/Src/main.o
 .debug_macro   0x0000000000021384       0x34 Core/Src/main.o
 .debug_macro   0x00000000000213b8       0x16 Core/Src/main.o
 .debug_macro   0x00000000000213ce       0x35 Core/Src/main.o
 .debug_macro   0x0000000000021403       0x52 Core/Src/main.o
 .debug_macro   0x0000000000021455       0x1f Core/Src/main.o
 .debug_macro   0x0000000000021474       0x43 Core/Src/main.o
 .debug_macro   0x00000000000214b7       0x20 Core/Src/main.o
 .debug_macro   0x00000000000214d7      0x1a3 Core/Src/main.o
 .debug_macro   0x000000000002167a      0x32a Core/Src/main.o
 .debug_macro   0x00000000000219a4       0x16 Core/Src/main.o
 .debug_macro   0x00000000000219ba       0x29 Core/Src/main.o
 .debug_macro   0x00000000000219e3       0x1c Core/Src/main.o
 .debug_macro   0x00000000000219ff       0x10 Core/Src/main.o
 .debug_macro   0x0000000000021a0f       0x10 Core/Src/main.o
 .debug_macro   0x0000000000021a1f       0x1c Core/Src/main.o
 .debug_macro   0x0000000000021a3b       0x52 Core/Src/main.o
 .debug_macro   0x0000000000021a8d       0x40 Core/Src/main.o
 .debug_macro   0x0000000000021acd       0x10 Core/Src/main.o
 .debug_macro   0x0000000000021add       0x40 Core/Src/main.o
 .debug_macro   0x0000000000021b1d       0xd7 Core/Src/main.o
 .debug_macro   0x0000000000021bf4       0x1c Core/Src/main.o
 .debug_macro   0x0000000000021c10       0x3d Core/Src/main.o
 .debug_macro   0x0000000000021c4d       0x16 Core/Src/main.o
 .debug_macro   0x0000000000021c63      0x145 Core/Src/main.o
 .debug_macro   0x0000000000021da8       0x1c Core/Src/main.o
 .debug_macro   0x0000000000021dc4       0x1c Core/Src/main.o
 .debug_macro   0x0000000000021de0       0x10 Core/Src/main.o
 .debug_macro   0x0000000000021df0       0x28 Core/Src/main.o
 .debug_macro   0x0000000000021e18      0x2a3 Core/Src/pid.o
 .debug_macro   0x00000000000220bb      0x1e1 Core/Src/pid.o
 .debug_macro   0x000000000002229c      0x20a Core/Src/rm_can.o
 .debug_macro   0x00000000000224a6       0x16 Core/Src/rm_can.o
 .debug_macro   0x00000000000224bc      0x2f2 Core/Src/rm_ctrl.o
 .debug_macro   0x00000000000227ae       0x40 Core/Src/rm_ctrl.o
 .debug_macro   0x00000000000227ee       0x94 Core/Src/rm_ctrl.o
 .debug_macro   0x0000000000022882      0x10e Core/Src/rm_ctrl.o
 .debug_macro   0x0000000000022990       0x8d Core/Src/rm_ctrl.o
 .debug_macro   0x0000000000022a1d       0x57 Core/Src/rm_ctrl.o
 .debug_macro   0x0000000000022a74      0x330 Core/Src/rm_ctrl.o
 .debug_macro   0x0000000000022da4       0xd9 Core/Src/rm_ctrl.o
 .debug_macro   0x0000000000022e7d       0x54 Core/Src/rm_ctrl.o
 .debug_macro   0x0000000000022ed1       0x22 Core/Src/rm_ctrl.o
 .debug_macro   0x0000000000022ef3      0x205 Core/Src/rm_gpio.o
 .debug_macro   0x00000000000230f8      0x31b Core/Src/rm_imu.o
 .debug_macro   0x0000000000023413       0x5e Core/Src/rm_imu.o
 .debug_macro   0x0000000000023471      0x274 Core/Src/rm_imu.o
 .debug_macro   0x00000000000236e5       0x16 Core/Src/rm_imu.o
 .debug_macro   0x00000000000236fb       0x20 Core/Src/rm_imu.o
 .debug_macro   0x000000000002371b      0x209 Core/Src/rm_pwm.o
 .debug_macro   0x0000000000023924      0x2f9 Core/Src/rm_uart.o
 .debug_macro   0x0000000000023c1d       0x10 Core/Src/rm_uart.o
 .debug_macro   0x0000000000023c2d      0x1fb Core/Src/stm32f4xx_hal_msp.o
 .debug_macro   0x0000000000023e28      0x218 Core/Src/stm32f4xx_it.o
 .debug_macro   0x0000000000024040      0x1e8 Core/Src/system_stm32f4xx.o
 .debug_macro   0x0000000000024228      0x242 Drivers/STM32F4xx_HAL_Driver/Src/stm32f4xx_hal.o
 .debug_macro   0x000000000002446a      0x1ea Drivers/STM32F4xx_HAL_Driver/Src/stm32f4xx_hal_can.o
 .debug_macro   0x0000000000024654      0x1e2 Drivers/STM32F4xx_HAL_Driver/Src/stm32f4xx_hal_cortex.o
 .debug_macro   0x0000000000024836      0x1e8 Drivers/STM32F4xx_HAL_Driver/Src/stm32f4xx_hal_dma.o
 .debug_macro   0x0000000000024a1e      0x218 Drivers/STM32F4xx_HAL_Driver/Src/stm32f4xx_hal_gpio.o
 .debug_macro   0x0000000000024c36      0x206 Drivers/STM32F4xx_HAL_Driver/Src/stm32f4xx_hal_rcc.o
 .debug_macro   0x0000000000024e3c      0x1f1 Drivers/STM32F4xx_HAL_Driver/Src/stm32f4xx_hal_spi.o
 .debug_macro   0x000000000002502d      0x1e3 Drivers/STM32F4xx_HAL_Driver/Src/stm32f4xx_hal_tim.o
 .debug_macro   0x0000000000025210      0x1e2 Drivers/STM32F4xx_HAL_Driver/Src/stm32f4xx_hal_tim_ex.o
 .debug_macro   0x00000000000253f2      0x1e3 Drivers/STM32F4xx_HAL_Driver/Src/stm32f4xx_hal_uart.o

.debug_line     0x0000000000000000     0xe1dd
 .debug_line    0x0000000000000000      0xb37 Core/Src/main.o
 .debug_line    0x0000000000000b37      0x8d2 Core/Src/pid.o
 .debug_line    0x0000000000001409      0x757 Core/Src/rm_can.o
 .debug_line    0x0000000000001b60      0x958 Core/Src/rm_ctrl.o
 .debug_line    0x00000000000024b8      0x70b Core/Src/rm_gpio.o
 .debug_line    0x0000000000002bc3      0xb54 Core/Src/rm_imu.o