main.c:122:5:main	16	static
main.c:223:6:SystemClock_Config	88	static
main.c:266:13:MX_CAN1_Init	8	static
main.c:303:13:MX_CAN2_Init	8	static
main.c:340:13:MX_SPI5_Init	8	static
main.c:378:13:MX_TIM2_Init	48	static
main.c:439:13:MX_TIM3_Init	48	static
main.c:488:13:MX_TIM4_Init	48	static
main.c:549:13:MX_TIM12_Init	40	static
main.c:591:13:MX_USART1_UART_Init	8	static
main.c:624:13:MX_USART2_UART_Init	8	static
main.c:657:13:MX_USART6_UART_Init	8	static
main.c:688:13:MX_DMA_Init	16	static
main.c:713:13:MX_GPIO_Init	56	static
main.c:773:6:Error_Handler	4	static
